../Core/Src/main.c:106:16:DecToBcd	1
../Core/Src/main.c:111:16:BcdToDec	1
../Core/Src/main.c:116:19:SetTime	1
../Core/Src/main.c:131:19:GetTime	2
../Core/Src/main.c:153:6:SaveLog	2
../Core/Src/main.c:163:6:ProcessUartCommand	9
../Core/Src/main.c:249:5:main	11
../Core/Src/main.c:450:6:SystemClock_Config	4
../Core/Src/main.c:503:13:MX_I2C3_Init	4
../Core/Src/main.c:551:13:MX_SPI4_Init	2
../Core/Src/main.c:589:13:MX_USART1_UART_Init	2
../Core/Src/main.c:622:13:MX_GPIO_Init	1
../Core/Src/main.c:662:6:HAL_UART_RxCpltCallback	7
../Core/Src/main.c:691:6:Error_Handler	1
