../Core/Src/main.c:106:16:DecToBcd	16	static
../Core/Src/main.c:111:16:BcdToDec	16	static
../Core/Src/main.c:116:19:SetTime	40	static
../Core/Src/main.c:131:19:GetTime	40	static
../Core/Src/main.c:153:6:SaveLog	16	static
../Core/Src/main.c:163:6:ProcessUartCommand	224	static
../Core/Src/main.c:249:5:main	120	static
../Core/Src/main.c:450:6:SystemClock_Config	88	static
../Core/Src/main.c:503:13:MX_I2C3_Init	8	static
../Core/Src/main.c:551:13:MX_SPI4_Init	8	static
../Core/Src/main.c:589:13:MX_USART1_UART_Init	8	static
../Core/Src/main.c:622:13:MX_GPIO_Init	48	static
../Core/Src/main.c:662:6:HAL_UART_RxCpltCallback	16	static
../Core/Src/main.c:691:6:Error_Handler	4	static,ignoring_inline_asm
