Archive member included to satisfy reference by file (symbol)

E:/STM32CubeIDE_2.0.0/STM32CubeIDE/plugins/com.st.stm32cube.ide.mcu.externaltools.gnu-tools-for-stm32.13.3.rel1.win32_1.0.100.202509120712/tools/bin/../lib/gcc/arm-none-eabi/13.3.1/../../../../arm-none-eabi/lib/thumb/v7e-m+fp/hard\libc_nano.a(libc_a-exit.o)
                              E:/STM32CubeIDE_2.0.0/STM32CubeIDE/plugins/com.st.stm32cube.ide.mcu.externaltools.gnu-tools-for-stm32.13.3.rel1.win32_1.0.100.202509120712/tools/bin/../lib/gcc/arm-none-eabi/13.3.1/../../../../arm-none-eabi/lib/thumb/v7e-m+fp/hard/crt0.o (exit)
E:/STM32CubeIDE_2.0.0/STM32CubeIDE/plugins/com.st.stm32cube.ide.mcu.externaltools.gnu-tools-for-stm32.13.3.rel1.win32_1.0.100.202509120712/tools/bin/../lib/gcc/arm-none-eabi/13.3.1/../../../../arm-none-eabi/lib/thumb/v7e-m+fp/hard\libc_nano.a(libc_a-findfp.o)
                              E:/STM32CubeIDE_2.0.0/STM32CubeIDE/plugins/com.st.stm32cube.ide.mcu.externaltools.gnu-tools-for-stm32.13.3.rel1.win32_1.0.100.202509120712/tools/bin/../lib/gcc/arm-none-eabi/13.3.1/../../../../arm-none-eabi/lib/thumb/v7e-m+fp/hard\libc_nano.a(libc_a-exit.o) (__stdio_exit_handler)
E:/STM32CubeIDE_2.0.0/STM32CubeIDE/plugins/com.st.stm32cube.ide.mcu.externaltools.gnu-tools-for-stm32.13.3.rel1.win32_1.0.100.202509120712/tools/bin/../lib/gcc/arm-none-eabi/13.3.1/../../../../arm-none-eabi/lib/thumb/v7e-m+fp/hard\libc_nano.a(libc_a-fwalk.o)
                              E:/STM32CubeIDE_2.0.0/STM32CubeIDE/plugins/com.st.stm32cube.ide.mcu.externaltools.gnu-tools-for-stm32.13.3.rel1.win32_1.0.100.202509120712/tools/bin/../lib/gcc/arm-none-eabi/13.3.1/../../../../arm-none-eabi/lib/thumb/v7e-m+fp/hard\libc_nano.a(libc_a-findfp.o) (_fwalk_sglue)
E:/STM32CubeIDE_2.0.0/STM32CubeIDE/plugins/com.st.stm32cube.ide.mcu.externaltools.gnu-tools-for-stm32.13.3.rel1.win32_1.0.100.202509120712/tools/bin/../lib/gcc/arm-none-eabi/13.3.1/../../../../arm-none-eabi/lib/thumb/v7e-m+fp/hard\libc_nano.a(libc_a-sprintf.o)
                              ./Core/Src/main.o (sprintf)
E:/STM32CubeIDE_2.0.0/STM32CubeIDE/plugins/com.st.stm32cube.ide.mcu.externaltools.gnu-tools-for-stm32.13.3.rel1.win32_1.0.100.202509120712/tools/bin/../lib/gcc/arm-none-eabi/13.3.1/../../../../arm-none-eabi/lib/thumb/v7e-m+fp/hard\libc_nano.a(libc_a-sscanf.o)
                              ./Core/Src/main.o (sscanf)
E:/STM32CubeIDE_2.0.0/STM32CubeIDE/plugins/com.st.stm32cube.ide.mcu.externaltools.gnu-tools-for-stm32.13.3.rel1.win32_1.0.100.202509120712/tools/bin/../lib/gcc/arm-none-eabi/13.3.1/../../../../arm-none-eabi/lib/thumb/v7e-m+fp/hard\libc_nano.a(libc_a-stdio.o)
                              E:/STM32CubeIDE_2.0.0/STM32CubeIDE/plugins/com.st.stm32cube.ide.mcu.externaltools.gnu-tools-for-stm32.13.3.rel1.win32_1.0.100.202509120712/tools/bin/../lib/gcc/arm-none-eabi/13.3.1/../../../../arm-none-eabi/lib/thumb/v7e-m+fp/hard\libc_nano.a(libc_a-findfp.o) (__sread)
E:/STM32CubeIDE_2.0.0/STM32CubeIDE/plugins/com.st.stm32cube.ide.mcu.externaltools.gnu-tools-for-stm32.13.3.rel1.win32_1.0.100.202509120712/tools/bin/../lib/gcc/arm-none-eabi/13.3.1/../../../../arm-none-eabi/lib/thumb/v7e-m+fp/hard\libc_nano.a(libc_a-memset.o)
                              E:/STM32CubeIDE_2.0.0/STM32CubeIDE/plugins/com.st.stm32cube.ide.mcu.externaltools.gnu-tools-for-stm32.13.3.rel1.win32_1.0.100.202509120712/tools/bin/../lib/gcc/arm-none-eabi/13.3.1/../../../../arm-none-eabi/lib/thumb/v7e-m+fp/hard/crt0.o (memset)
E:/STM32CubeIDE_2.0.0/STM32CubeIDE/plugins/com.st.stm32cube.ide.mcu.externaltools.gnu-tools-for-stm32.13.3.rel1.win32_1.0.100.202509120712/tools/bin/../lib/gcc/arm-none-eabi/13.3.1/../../../../arm-none-eabi/lib/thumb/v7e-m+fp/hard\libc_nano.a(libc_a-closer.o)
                              E:/STM32CubeIDE_2.0.0/STM32CubeIDE/plugins/com.st.stm32cube.ide.mcu.externaltools.gnu-tools-for-stm32.13.3.rel1.win32_1.0.100.202509120712/tools/bin/../lib/gcc/arm-none-eabi/13.3.1/../../../../arm-none-eabi/lib/thumb/v7e-m+fp/hard\libc_nano.a(libc_a-stdio.o) (_close_r)
E:/STM32CubeIDE_2.0.0/STM32CubeIDE/plugins/com.st.stm32cube.ide.mcu.externaltools.gnu-tools-for-stm32.13.3.rel1.win32_1.0.100.202509120712/tools/bin/../lib/gcc/arm-none-eabi/13.3.1/../../../../arm-none-eabi/lib/thumb/v7e-m+fp/hard\libc_nano.a(libc_a-reent.o)
                              E:/STM32CubeIDE_2.0.0/STM32CubeIDE/plugins/com.st.stm32cube.ide.mcu.externaltools.gnu-tools-for-stm32.13.3.rel1.win32_1.0.100.202509120712/tools/bin/../lib/gcc/arm-none-eabi/13.3.1/../../../../arm-none-eabi/lib/thumb/v7e-m+fp/hard\libc_nano.a(libc_a-closer.o) (errno)
E:/STM32CubeIDE_2.0.0/STM32CubeIDE/plugins/com.st.stm32cube.ide.mcu.externaltools.gnu-tools-for-stm32.13.3.rel1.win32_1.0.100.202509120712/tools/bin/../lib/gcc/arm-none-eabi/13.3.1/../../../../arm-none-eabi/lib/thumb/v7e-m+fp/hard\libc_nano.a(libc_a-impure.o)
[...]
Memory Configuration

Name             Origin             Length             Attributes
CCMRAM           0x10000000         0x00010000         xrw
RAM              0x20000000         0x00030000         xrw
FLASH            0x08000000         0x00200000         xr
*default*        0x00000000         0xffffffff

Linker script and memory map

LOAD E:/STM32CubeIDE_2.0.0/STM32CubeIDE/plugins/com.st.stm32cube.ide.mcu.externaltools.gnu-tools-for-stm32.13.3.rel1.win32_1.0.100.202509120712/tools/bin/../lib/gcc/arm-none-eabi/13.3.1/thumb/v7e-m+fp/hard/crti.o
LOAD E:/STM32CubeIDE_2.0.0/STM32CubeIDE/plugins/com.st.stm32cube.ide.mcu.externaltools.gnu-tools-for-stm32.13.3.rel1.win32_1.0.100.202509120712/tools/bin/../lib/gcc/arm-none-eabi/13.3.1/thumb/v7e-m+fp/hard/crtbegin.o
LOAD E:/STM32CubeIDE_2.0.0/STM32CubeIDE/plugins/com.st.stm32cube.ide.mcu.externaltools.gnu-tools-for-stm32.13.3.rel1.win32_1.0.100.202509120712/tools/bin/../lib/gcc/arm-none-eabi/13.3.1/../../../../arm-none-eabi/lib/thumb/v7e-m+fp/hard/crt0.o
LOAD ./Core/Src/SH1106.o
LOAD ./Core/Src/fonts.o
LOAD ./Core/Src/main.o
LOAD ./Core/Src/stm32f4xx_hal_msp.o
LOAD ./Core/Src/stm32f4xx_it.o
LOAD ./Core/Src/syscalls.o
LOAD ./Core/Src/sysmem.o
LOAD ./Core/Src/system_stm32f4xx.o
LOAD ./Core/Src/tm_stm32f4_mfrc522.o
LOAD ./Core/Startup/startup_stm32f429zitx.o
LOAD ./Drivers/STM32F4xx_HAL_Driver/Src/stm32f4xx_hal.o
LOAD ./Drivers/STM32F4xx_HAL_Driver/Src/stm32f4xx_hal_cortex.o
LOAD ./Drivers/STM32F4xx_HAL_Driver/Src/stm32f4xx_hal_dma.o
LOAD ./Drivers/STM32F4xx_HAL_Driver/Src/stm32f4xx_hal_dma_ex.o
LOAD ./Drivers/STM32F4xx_HAL_Driver/Src/stm32f4xx_hal_exti.o
LOAD ./Drivers/STM32F4xx_HAL_Driver/Src/stm32f4xx_hal_flash.o
LOAD ./Drivers/STM32F4xx_HAL_Driver/Src/stm32f4xx_hal_flash_ex.o
LOAD ./Drivers/STM32F4xx_HAL_Driver/Src/stm32f4xx_hal_flash_ramfunc.o
LOAD ./Drivers/STM32F4xx_HAL_Driver/Src/stm32f4xx_hal_gpio.o
LOAD ./Drivers/STM32F4xx_HAL_Driver/Src/stm32f4xx_hal_i2c.o
LOAD ./Drivers/STM32F4xx_HAL_Driver/Src/stm32f4xx_hal_i2c_ex.o
LOAD ./Drivers/STM32F4xx_HAL_Driver/Src/stm32f4xx_hal_pwr.o
LOAD ./Drivers/STM32F4xx_HAL_Driver/Src/stm32f4xx_hal_pwr_ex.o
LOAD ./Drivers/STM32F4xx_HAL_Driver/Src/stm32f4xx_hal_rcc.o
LOAD ./Drivers/STM32F4xx_HAL_Driver/Src/stm32f4xx_hal_rcc_ex.o
LOAD ./Drivers/STM32F4xx_HAL_Driver/Src/stm32f4xx_hal_spi.o
LOAD ./Drivers/STM32F4xx_HAL_Driver/Src/stm32f4xx_hal_uart.o
START GROUP
LOAD E:/STM32CubeIDE_2.0.0/STM32CubeIDE/plugins/com.st.stm32cube.ide.mcu.externaltools.gnu-tools-for-stm32.13.3.rel1.win32_1.0.100.202509120712/tools/bin/../lib/gcc/arm-none-eabi/13.3.1/../../../../arm-none-eabi/lib/thumb/v7e-m+fp/hard\libc_nano.a
LOAD E:/STM32CubeIDE_2.0.0/STM32CubeIDE/plugins/com.st.stm32cube.ide.mcu.externaltools.gnu-tools-for-stm32.13.3.rel1.win32_1.0.100.202509120712/tools/bin/../lib/gcc/arm-none-eabi/13.3.1/../../../../arm-none-eabi/lib/thumb/v7e-m+fp/hard\libm.a
END GROUP
START GROUP
LOAD E:/STM32CubeIDE_2.0.0/STM32CubeIDE/plugins/com.st.stm32cube.ide.mcu.externaltools.gnu-tools-for-stm32.13.3.rel1.win32_1.0.100.202509120712/tools/bin/../lib/gcc/arm-none-eabi/13.3.1/thumb/v7e-m+fp/hard\libgcc.a
LOAD E:/STM32CubeIDE_2.0.0/STM32CubeIDE/plugins/com.st.stm32cube.ide.mcu.externaltools.gnu-tools-for-stm32.13.3.rel1.win32_1.0.100.202509120712/tools/bin/../lib/gcc/arm-none-eabi/13.3.1/../../../../arm-none-eabi/lib/thumb/v7e-m+fp/hard\libc_nano.a
END GROUP
START GROUP
LOAD E:/STM32CubeIDE_2.0.0/STM32CubeIDE/plugins/com.st.stm32cube.ide.mcu.externaltools.gnu-tools-for-stm32.13.3.rel1.win32_1.0.100.202509120712/tools/bin/../lib/gcc/arm-none-eabi/13.3.1/thumb/v7e-m+fp/hard\libgcc.a
LOAD E:/STM32CubeIDE_2.0.0/STM32CubeIDE/plugins/com.st.stm32cube.ide.mcu.externaltools.gnu-tools-for-stm32.13.3.rel1.win32_1.0.100.202509120712/tools/bin/../lib/gcc/arm-none-eabi/13.3.1/../../../../arm-none-eabi/lib/thumb/v7e-m+fp/hard\libc_nano.a
LOAD E:/STM32CubeIDE_2.0.0/STM32CubeIDE/plugins/com.st.stm32cube.ide.mcu.externaltools.gnu-tools-for-stm32.13.3.rel1.win32_1.0.100.202509120712/tools/bin/../lib/gcc/arm-none-eabi/13.3.1/../../../../arm-none-eabi/lib/thumb/v7e-m+fp/hard\libnosys.a
END GROUP
START GROUP
LOAD E:/STM32CubeIDE_2.0.0/STM32CubeIDE/plugins/com.st.stm32cube.ide.mcu.externaltools.gnu-tools-for-stm32.13.3.rel1.win32_1.0.100.202509120712/tools/bin/../lib/gcc/arm-none-eabi/13.3.1/thumb/v7e-m+fp/hard\libgcc.a
LOAD E:/STM32CubeIDE_2.0.0/STM32CubeIDE/plugins/com.st.stm32cube.ide.mcu.externaltools.gnu-tools-for-stm32.13.3.rel1.win32_1.0.100.202509120712/tools/bin/../lib/gcc/arm-none-eabi/13.3.1/../../../../arm-none-eabi/lib/thumb/v7e-m+fp/hard\libc_nano.a
LOAD E:/STM32CubeIDE_2.0.0/STM32CubeIDE/plugins/com.st.stm32cube.ide.mcu.externaltools.gnu-tools-for-stm32.13.3.rel1.win32_1.0.100.202509120712/tools/bin/../lib/gcc/arm-none-eabi/13.3.1/../../../../arm-none-eabi/lib/thumb/v7e-m+fp/hard\libnosys.a
END GROUP
LOAD E:/STM32CubeIDE_2.0.0/STM32CubeIDE/plugins/com.st.stm32cube.ide.mcu.externaltools.gnu-tools-for-stm32.13.3.rel1.win32_1.0.100.202509120712/tools/bin/../lib/gcc/arm-none-eabi/13.3.1/thumb/v7e-m+fp/hard/crtend.o
LOAD E:/STM32CubeIDE_2.0.0/STM32CubeIDE/plugins/com.st.stm32cube.ide.mcu.externaltools.gnu-tools-for-stm32.13.3.rel1.win32_1.0.100.202509120712/tools/bin/../lib/gcc/arm-none-eabi/13.3.1/thumb/v7e-m+fp/hard/crtn.o
                0x20030000                        _estack = (ORIGIN (RAM) + LENGTH (RAM))
                0x00000200                        _Min_Heap_Size = 0x200
                0x00000400                        _Min_Stack_Size = 0x400

.isr_vector     0x08000000      0x1ac
                0x08000000                        . = ALIGN (0x4)
 *(.isr_vector)
 .isr_vector    0x08000000      0x1ac ./Core/Startup/startup_stm32f429zitx.o
                0x08000000                g_pfnVectors
                0x080001ac                        . = ALIGN (0x4)

.text           0x080001b0     0x7404
                0x080001b0                        . = ALIGN (0x4)
 *(.text)
 .text          0x080001b0       0x40 E:/STM32CubeIDE_2.0.0/STM32CubeIDE/plugins/com.st.stm32cube.ide.mcu.externaltools.gnu-tools-for-stm32.13.3.rel1.win32_1.0.100.202509120712/tools/bin/../lib/gcc/arm-none-eabi/13.3.1/thumb/v7e-m+fp/hard/crtbegin.o
 .text          0x080001f0       0x14 E:/STM32CubeIDE_2.0.0/STM32CubeIDE/plugins/com.st.stm32cube.ide.mcu.externaltools.gnu-tools-for-stm32.13.3.rel1.win32_1.0.100.202509120712/tools/bin/../lib/gcc/arm-none-eabi/13.3.1/../../../../arm-none-eabi/lib/thumb/v7e-m+fp/hard\libc_nano.a(libc_a-strcmp.o)
                0x080001f0                strcmp
 .text          0x08000204       0x10 E:/STM32CubeIDE_2.0.0/STM32CubeIDE/plugins/com.st.stm32cube.ide.mcu.externaltools.gnu-tools-for-stm32.13.3.rel1.win32_1.0.100.202509120712/tools/bin/../lib/gcc/arm-none-eabi/13.3.1/../../../../arm-none-eabi/lib/thumb/v7e-m+fp/hard\libc_nano.a(libc_a-strlen.o)
                0x08000204                strlen
 *fill*         0x08000214        0xc 
 .text          0x08000220       0xa0 E:/STM32CubeIDE_2.0.0/STM32CubeIDE/plugins/com.st.stm32cube.ide.mcu.externaltools.gnu-tools-for-stm32.13.3.rel1.win32_1.0.100.202509120712/tools/bin/../lib/gcc/arm-none-eabi/13.3.1/../../../../arm-none-eabi/lib/thumb/v7e-m+fp/hard\libc_nano.a(libc_a-memchr.o)
                0x08000220                memchr
 .text          0x080002c0       0x30 E:/STM32CubeIDE_2.0.0/STM32CubeIDE/plugins/com.st.stm32cube.ide.mcu.externaltools.gnu-tools-for-stm32.13.3.rel1.win32_1.0.100.202509120712/tools/bin/../lib/gcc/arm-none-eabi/13.3.1/thumb/v7e-m+fp/hard\libgcc.a(_aeabi_uldivmod.o)
                0x080002c0                __aeabi_uldivmod
 .text          0x080002f0      0x2f8 E:/STM32CubeIDE_2.0.0/STM32CubeIDE/plugins/com.st.stm32cube.ide.mcu.externaltools.gnu-tools-for-stm32.13.3.rel1.win32_1.0.100.202509120712/tools/bin/../lib/gcc/arm-none-eabi/13.3.1/thumb/v7e-m+fp/hard\libgcc.a(_udivmoddi4.o)
                0x080002f0                __udivmoddi4
 .text          0x080005e8        0x4 E:/STM32CubeIDE_2.0.0/STM32CubeIDE/plugins/com.st.stm32cube.ide.mcu.externaltools.gnu-tools-for-stm32.13.3.rel1.win32_1.0.100.202509120712/tools/bin/../lib/gcc/arm-none-eabi/13.3.1/thumb/v7e-m+fp/hard\libgcc.a(_dvmd_tls.o)
                0x080005e8                __aeabi_idiv0
                0x080005e8                __aeabi_ldiv0
 *(.text*)
 .text.SH1106_Init
                0x080005ec      0x148 ./Core/Src/SH1106.o
                0x080005ec                SH1106_Init
 .text.SH1106_UpdateScreen
                0x08000734       0x5c ./Core/Src/SH1106.o
                0x08000734                SH1106_UpdateScreen
 .text.SH1106_Fill
                0x08000790       0x30 ./Core/Src/SH1106.o
                0x08000790                SH1106_Fill
 .text.SH1106_DrawPixel
                0x080007c0       0xc0 ./Core/Src/SH1106.o
                0x080007c0                SH1106_DrawPixel
 .text.SH1106_GotoXY
                0x08000880       0x2c ./Core/Src/SH1106.o
                0x08000880                SH1106_GotoXY
 .text.SH1106_Putc
                0x080008ac       0xfc ./Core/Src/SH1106.o
                0x080008ac                SH1106_Putc
 .text.SH1106_Puts
                0x080009a8       0x4a ./Core/Src/SH1106.o
                0x080009a8                SH1106_Puts
 *fill*         0x080009f2        0x2 
 .text.SH1106_I2C_WriteMulti
                0x080009f4       0xcc ./Core/Src/SH1106.o
                0x080009f4                SH1106_I2C_WriteMulti
 .text.SH1106_I2C_Write
                0x08000ac0       0x3c ./Core/Src/SH1106.o
                0x08000ac0                SH1106_I2C_Write
 .text.BcdToDec
                0x08000afc       0x32 ./Core/Src/main.o
 *fill*         0x08000b2e        0x2 
 .text.GetTime  0x08000b30       0xd4 ./Core/Src/main.o
                0x08000b30                GetTime
 .text.SaveLog  0x08000c04       0x6c ./Core/Src/main.o
                0x08000c04                SaveLog
 .text.ProcessUartCommand
                0x08000c70      0x39c ./Core/Src/main.o
                0x08000c70                ProcessUartCommand
 .text.main     0x0800100c      0x3dc ./Core/Src/main.o
                0x0800100c                main
 .text.SystemClock_Config
                0x080013e8       0xe0 ./Core/Src/main.o
                0x080013e8                SystemClock_Config
 .text.MX_I2C3_Init
                0x080014c8       0x80 ./Core/Src/main.o
 .text.MX_SPI4_Init
                0x08001548       0x6c ./Core/Src/main.o
 .text.MX_USART1_UART_Init
                0x080015b4       0x54 ./Core/Src/main.o
 .text.MX_GPIO_Init
                0x08001608      0x108 ./Core/Src/main.o
 .text.HAL_UART_RxCpltCallback
                0x08001710       0x90 ./Core/Src/main.o
                0x08001710                HAL_UART_RxCpltCallback
 .text.Error_Handler
                0x080017a0        0xc ./Core/Src/main.o
                0x080017a0                Error_Handler
 .text.HAL_MspInit
                0x080017ac       0x50 ./Core/Src/stm32f4xx_hal_msp.o
                0x080017ac                HAL_MspInit
 .text.HAL_I2C_MspInit
                0x080017fc       0xd4 ./Core/Src/stm32f4xx_hal_msp.o
                0x080017fc                HAL_I2C_MspInit
 .text.HAL_SPI_MspInit
                0x080018d0       0x90 ./Core/Src/stm32f4xx_hal_msp.o
                0x080018d0                HAL_SPI_MspInit
 .text.HAL_UART_MspInit
                0x08001960       0xa0 ./Core/Src/stm32f4xx_hal_msp.o
                0x08001960                HAL_UART_MspInit
 .text.NMI_Handler
                0x08001a00        0x8 ./Core/Src/stm32f4xx_it.o
                0x08001a00                NMI_Handler
 .text.HardFault_Handler
                0x08001a08        0x8 ./Core/Src/stm32f4xx_it.o
                0x08001a08                HardFault_Handler
 .text.MemManage_Handler
                0x08001a10        0x8 ./Core/Src/stm32f4xx_it.o
                0x08001a10                MemManage_Handler
 .text.BusFault_Handler
                0x08001a18        0x8 ./Core/Src/stm32f4xx_it.o
                0x08001a18                BusFault_Handler
 .text.UsageFault_Handler
                0x08001a20        0x8 ./Core/Src/stm32f4xx_it.o
                0x08001a20                UsageFault_Handler
 .text.SVC_Handler
                0x08001a28        0xe ./Core/Src/stm32f4xx_it.o
                0x08001a28                SVC_Handler
 .text.DebugMon_Handler
                0x08001a36        0xe ./Core/Src/stm32f4xx_it.o
                0x08001a36                DebugMon_Handler
 .text.PendSV_Handler
                0x08001a44        0xe ./Core/Src/stm32f4xx_it.o
                0x08001a44                PendSV_Handler
 .text.SysTick_Handler
                0x08001a52        0xc ./Core/Src/stm32f4xx_it.o
                0x08001a52                SysTick_Handler
 *fill*         0x08001a5e        0x2 
 .text.USART1_IRQHandler
                0x08001a60       0x14 ./Core/Src/stm32f4xx_it.o
                0x08001a60                USART1_IRQHandler
 .text._sbrk    0x08001a74       0x6c ./Core/Src/sysmem.o
                0x08001a74                _sbrk
 .text.SystemInit
                0x08001ae0       0x24 ./Core/Src/system_stm32f4xx.o
                0x08001ae0                SystemInit
 .text.TM_MFRC522_Init
                0x08001b04       0x4c ./Core/Src/tm_stm32f4_mfrc522.o
                0x08001b04                TM_MFRC522_Init
 .text.TM_MFRC522_Check
                0x08001b50       0x32 ./Core/Src/tm_stm32f4_mfrc522.o
                0x08001b50                TM_MFRC522_Check
 .text.TM_MFRC522_Compare
                0x08001b82       0x42 ./Core/Src/tm_stm32f4_mfrc522.o
                0x08001b82                TM_MFRC522_Compare
 .text.TM_MFRC522_InitPins
                0x08001bc4       0x18 ./Core/Src/tm_stm32f4_mfrc522.o
                0x08001bc4                TM_MFRC522_InitPins
 .text.TM_MFRC522_WriteRegister
                0x08001bdc       0x88 ./Core/Src/tm_stm32f4_mfrc522.o
                0x08001bdc                TM_MFRC522_WriteRegister
 .text.TM_MFRC522_ReadRegister
                0x08001c64       0x94 ./Core/Src/tm_stm32f4_mfrc522.o
                0x08001c64                TM_MFRC522_ReadRegister
 .text.TM_MFRC522_SetBitMask
                0x08001cf8       0x34 ./Core/Src/tm_stm32f4_mfrc522.o
                0x08001cf8                TM_MFRC522_SetBitMask
 .text.TM_MFRC522_ClearBitMask
                0x08001d2c       0x3c ./Core/Src/tm_stm32f4_mfrc522.o
                0x08001d2c                TM_MFRC522_ClearBitMask
 .text.TM_MFRC522_AntennaOn
                0x08001d68       0x2a ./Core/Src/tm_stm32f4_mfrc522.o
                0x08001d68                TM_MFRC522_AntennaOn
 .text.TM_MFRC522_Reset
                0x08001d92       0x10 ./Core/Src/tm_stm32f4_mfrc522.o
                0x08001d92                TM_MFRC522_Reset
 .text.TM_MFRC522_Request
                0x08001da2       0x4a ./Core/Src/tm_stm32f4_mfrc522.o
                0x08001da2                TM_MFRC522_Request
 .text.TM_MFRC522_ToCard
                0x08001dec      0x19e ./Core/Src/tm_stm32f4_mfrc522.o
                0x08001dec                TM_MFRC522_ToCard
 .text.TM_MFRC522_Anticoll
                0x08001f8a       0x7a ./Core/Src/tm_stm32f4_mfrc522.o
                0x08001f8a                TM_MFRC522_Anticoll
 .text.TM_MFRC522_CalculateCRC
                0x08002004       0x92 ./Core/Src/tm_stm32f4_mfrc522.o
                0x08002004                TM_MFRC522_CalculateCRC
 .text.TM_MFRC522_Halt
                0x08002096       0x36 ./Core/Src/tm_stm32f4_mfrc522.o
                0x08002096                TM_MFRC522_Halt
 .text.Reset_Handler
                0x080020cc       0x50 ./Core/Startup/startup_stm32f429zitx.o
                0x080020cc                Reset_Handler
 .text.Default_Handler
                0x0800211c        0x2 ./Core/Startup/startup_stm32f429zitx.o
                0x0800211c                RTC_Alarm_IRQHandler
                0x0800211c                HASH_RNG_IRQHandler
                0x0800211c                EXTI2_IRQHandler
                0x0800211c                TIM8_CC_IRQHandler
                0x0800211c                UART8_IRQHandler
                0x0800211c                SPI4_IRQHandler
                0x0800211c                TIM1_CC_IRQHandler
                0x0800211c                DMA2_Stream5_IRQHandler
                0x0800211c                DMA1_Stream5_IRQHandler
                0x0800211c                PVD_IRQHandler
                0x0800211c                SDIO_IRQHandler
                0x0800211c                TAMP_STAMP_IRQHandler
                0x0800211c                CAN2_RX1_IRQHandler
                0x0800211c                EXTI3_IRQHandler
                0x0800211c                TIM8_TRG_COM_TIM14_IRQHandler
                0x0800211c                TIM1_UP_TIM10_IRQHandler
                0x0800211c                TIM8_UP_TIM13_IRQHandler
                0x0800211c                I2C3_ER_IRQHandler
                0x0800211c                EXTI0_IRQHandler
                0x0800211c                I2C2_EV_IRQHandler
                0x0800211c                DMA1_Stream2_IRQHandler
                0x0800211c                CAN1_RX0_IRQHandler
                0x0800211c                FPU_IRQHandler
                0x0800211c                OTG_HS_WKUP_IRQHandler
                0x0800211c                LTDC_ER_IRQHandler
                0x0800211c                CAN2_SCE_IRQHandler
                0x0800211c                DMA2_Stream2_IRQHandler
                0x0800211c                SPI1_IRQHandler
                0x0800211c                TIM6_DAC_IRQHandler
                0x0800211c                TIM1_BRK_TIM9_IRQHandler
                0x0800211c                DCMI_IRQHandler
                0x0800211c                CAN2_RX0_IRQHandler
                0x0800211c                DMA2_Stream3_IRQHandler
                0x0800211c                USART6_IRQHandler
                0x0800211c                USART3_IRQHandler
                0x0800211c                CAN1_RX1_IRQHandler
                0x0800211c                UART5_IRQHandler
                0x0800211c                DMA2_Stream0_IRQHandler
                0x0800211c                TIM4_IRQHandler
                0x0800211c                I2C1_EV_IRQHandler
                0x0800211c                DMA1_Stream6_IRQHandler
                0x0800211c                DMA1_Stream1_IRQHandler
                0x0800211c                UART4_IRQHandler
                0x0800211c                TIM3_IRQHandler
                0x0800211c                RCC_IRQHandler
                0x0800211c                TIM8_BRK_TIM12_IRQHandler
                0x0800211c                Default_Handler
                0x0800211c                EXTI15_10_IRQHandler
                0x0800211c                ADC_IRQHandler
                0x0800211c                DMA1_Stream7_IRQHandler
                0x0800211c                SPI5_IRQHandler
                0x0800211c                TIM7_IRQHandler
                0x0800211c                CAN2_TX_IRQHandler
                0x0800211c                TIM5_IRQHandler
                0x0800211c                DMA2_Stream7_IRQHandler
                0x0800211c                I2C3_EV_IRQHandler
                0x0800211c                EXTI9_5_IRQHandler
                0x0800211c                RTC_WKUP_IRQHandler
                0x0800211c                LTDC_IRQHandler
                0x0800211c                ETH_WKUP_IRQHandler
                0x0800211c                SPI2_IRQHandler
                0x0800211c                OTG_HS_EP1_IN_IRQHandler
                0x0800211c                DMA1_Stream0_IRQHandler
                0x0800211c                CAN1_TX_IRQHandler
                0x0800211c                EXTI4_IRQHandler
                0x0800211c                ETH_IRQHandler
                0x0800211c                OTG_HS_EP1_OUT_IRQHandler
                0x0800211c                WWDG_IRQHandler
                0x0800211c                SPI6_IRQHandler
                0x0800211c                TIM2_IRQHandler
                0x0800211c                OTG_FS_WKUP_IRQHandler
                0x0800211c                TIM1_TRG_COM_TIM11_IRQHandler
                0x0800211c                OTG_HS_IRQHandler
                0x0800211c                DMA2D_IRQHandler
                0x0800211c                EXTI1_IRQHandler
                0x0800211c                UART7_IRQHandler
                0x0800211c                USART2_IRQHandler
                0x0800211c                I2C2_ER_IRQHandler
                0x0800211c                DMA2_Stream1_IRQHandler
                0x0800211c                CAN1_SCE_IRQHandler
                0x0800211c                FLASH_IRQHandler
                0x0800211c                DMA2_Stream4_IRQHandler
                0x0800211c                OTG_FS_IRQHandler
                0x0800211c                SPI3_IRQHandler
                0x0800211c                DMA1_Stream4_IRQHandler
                0x0800211c                I2C1_ER_IRQHandler
                0x0800211c                FMC_IRQHandler
                0x0800211c                DMA2_Stream6_IRQHandler
                0x0800211c                SAI1_IRQHandler
                0x0800211c                DMA1_Stream3_IRQHandler
 *fill*         0x0800211e        0x2 
 .text.HAL_Init
                0x08002120       0x44 ./Drivers/STM32F4xx_HAL_Driver/Src/stm32f4xx_hal.o
                0x08002120                HAL_Init
 .text.HAL_InitTick
                0x08002164       0x60 ./Drivers/STM32F4xx_HAL_Driver/Src/stm32f4xx_hal.o
                0x08002164                HAL_InitTick
 .text.HAL_IncTick
                0x080021c4       0x28 ./Drivers/STM32F4xx_HAL_Driver/Src/stm32f4xx_hal.o
                0x080021c4                HAL_IncTick
 .text.HAL_GetTick
                0x080021ec       0x18 ./Drivers/STM32F4xx_HAL_Driver/Src/stm32f4xx_hal.o
                0x080021ec                HAL_GetTick
 .text.HAL_Delay
                0x08002204       0x48 ./Drivers/STM32F4xx_HAL_Driver/Src/stm32f4xx_hal.o
                0x08002204                HAL_Delay
 .text.__NVIC_SetPriorityGrouping
                0x0800224c       0x48 ./Drivers/STM32F4xx_HAL_Driver/Src/stm32f4xx_hal_cortex.o
 .text.__NVIC_GetPriorityGrouping
                0x08002294       0x1c ./Drivers/STM32F4xx_HAL_Driver/Src/stm32f4xx_hal_cortex.o
 .text.__NVIC_EnableIRQ
                0x080022b0       0x3c ./Drivers/STM32F4xx_HAL_Driver/Src/stm32f4xx_hal_cortex.o
 .text.__NVIC_SetPriority
                0x080022ec       0x54 ./Drivers/STM32F4xx_HAL_Driver/Src/stm32f4xx_hal_cortex.o
 .text.NVIC_EncodePriority
                0x08002340       0x66 ./Drivers/STM32F4xx_HAL_Driver/Src/stm32f4xx_hal_cortex.o
 *fill*         0x080023a6        0x2 
 .text.SysTick_Config
                0x080023a8       0x44 ./Drivers/STM32F4xx_HAL_Driver/Src/stm32f4xx_hal_cortex.o
 .text.HAL_NVIC_SetPriorityGrouping
                0x080023ec       0x16 ./Drivers/STM32F4xx_HAL_Driver/Src/stm32f4xx_hal_cortex.o
                0x080023ec                HAL_NVIC_SetPriorityGrouping
 .text.HAL_NVIC_SetPriority
                0x08002402       0x38 ./Drivers/STM32F4xx_HAL_Driver/Src/stm32f4xx_hal_cortex.o
                0x08002402                HAL_NVIC_SetPriority
 .text.HAL_NVIC_EnableIRQ
                0x0800243a       0x1c ./Drivers/STM32F4xx_HAL_Driver/Src/stm32f4xx_hal_cortex.o
                0x0800243a                HAL_NVIC_EnableIRQ
 .text.HAL_SYSTICK_Config
                0x08002456       0x18 ./Drivers/STM32F4xx_HAL_Driver/Src/stm32f4xx_hal_cortex.o
                0x08002456                HAL_SYSTICK_Config
 .text.HAL_DMA_Abort
                0x0800246e       0xe0 ./Drivers/STM32F4xx_HAL_Driver/Src/stm32f4xx_hal_dma.o
                0x0800246e                HAL_DMA_Abort
 .text.HAL_DMA_Abort_IT
                0x0800254e       0x44 ./Drivers/STM32F4xx_HAL_Driver/Src/stm32f4xx_hal_dma.o
                0x0800254e                HAL_DMA_Abort_IT
 *fill*         0x08002592        0x2 
 .text.HAL_GPIO_Init
                0x08002594      0x358 ./Drivers/STM32F4xx_HAL_Driver/Src/stm32f4xx_hal_gpio.o
                0x08002594                HAL_GPIO_Init
 .text.HAL_GPIO_WritePin
                0x080028ec       0x32 ./Drivers/STM32F4xx_HAL_Driver/Src/stm32f4xx_hal_gpio.o
                0x080028ec                HAL_GPIO_WritePin
 *fill*         0x0800291e        0x2 
 .text.HAL_I2C_Init
                0x08002920      0x288 ./Drivers/STM32F4xx_HAL_Driver/Src/stm32f4xx_hal_i2c.o
                0x08002920                HAL_I2C_Init
 .text.HAL_I2C_Master_Transmit
                0x08002ba8      0x1fc ./Drivers/STM32F4xx_HAL_Driver/Src/stm32f4xx_hal_i2c.o
                0x08002ba8                HAL_I2C_Master_Transmit
 .text.HAL_I2C_Mem_Read
                0x08002da4      0x464 ./Drivers/STM32F4xx_HAL_Driver/Src/stm32f4xx_hal_i2c.o
                0x08002da4                HAL_I2C_Mem_Read
 .text.HAL_I2C_IsDeviceReady
                0x08003208      0x25c ./Drivers/STM32F4xx_HAL_Driver/Src/stm32f4xx_hal_i2c.o
                0x08003208                HAL_I2C_IsDeviceReady
 .text.I2C_MasterRequestWrite
                0x08003464      0x104 ./Drivers/STM32F4xx_HAL_Driver/Src/stm32f4xx_hal_i2c.o
 .text.I2C_RequestMemoryRead
                0x08003568      0x1d0 ./Drivers/STM32F4xx_HAL_Driver/Src/stm32f4xx_hal_i2c.o
 .text.I2C_WaitOnFlagUntilTimeout
                0x08003738       0xf4 ./Drivers/STM32F4xx_HAL_Driver/Src/stm32f4xx_hal_i2c.o
 .text.I2C_WaitOnMasterAddressFlagUntilTimeout
                0x0800382c      0x140 ./Drivers/STM32F4xx_HAL_Driver/Src/stm32f4xx_hal_i2c.o
 .text.I2C_WaitOnTXEFlagUntilTimeout
                0x0800396c       0x90 ./Drivers/STM32F4xx_HAL_Driver/Src/stm32f4xx_hal_i2c.o
 .text.I2C_WaitOnBTFFlagUntilTimeout
                0x080039fc       0x90 ./Drivers/STM32F4xx_HAL_Driver/Src/stm32f4xx_hal_i2c.o
 .text.I2C_WaitOnRXNEFlagUntilTimeout
                0x08003a8c       0xba ./Drivers/STM32F4xx_HAL_Driver/Src/stm32f4xx_hal_i2c.o
 .text.I2C_IsAcknowledgeFailed
                0x08003b46       0x5e ./Drivers/STM32F4xx_HAL_Driver/Src/stm32f4xx_hal_i2c.o
 .text.HAL_I2CEx_ConfigAnalogFilter
                0x08003ba4       0x78 ./Drivers/STM32F4xx_HAL_Driver/Src/stm32f4xx_hal_i2c_ex.o
                0x08003ba4                HAL_I2CEx_ConfigAnalogFilter
 .text.HAL_I2CEx_ConfigDigitalFilter
                0x08003c1c       0x7e ./Drivers/STM32F4xx_HAL_Driver/Src/stm32f4xx_hal_i2c_ex.o
                0x08003c1c                HAL_I2CEx_ConfigDigitalFilter
 *fill*         0x08003c9a        0x2 
 .text.HAL_PWREx_EnableOverDrive
                0x08003c9c       0xa0 ./Drivers/STM32F4xx_HAL_Driver/Src/stm32f4xx_hal_pwr_ex.o
                0x08003c9c                HAL_PWREx_EnableOverDrive
 .text.HAL_RCC_OscConfig
                0x08003d3c      0x4f0 ./Drivers/STM32F4xx_HAL_Driver/Src/stm32f4xx_hal_rcc.o
                0x08003d3c                HAL_RCC_OscConfig
 .text.HAL_RCC_ClockConfig
                0x0800422c      0x1cc ./Drivers/STM32F4xx_HAL_Driver/Src/stm32f4xx_hal_rcc.o
                0x0800422c                HAL_RCC_ClockConfig
 .text.HAL_RCC_GetSysClockFreq
                0x080043f8      0x20c ./Drivers/STM32F4xx_HAL_Driver/Src/stm32f4xx_hal_rcc.o
                0x080043f8                HAL_RCC_GetSysClockFreq
 .text.HAL_RCC_GetHCLKFreq
                0x08004604       0x18 ./Drivers/STM32F4xx_HAL_Driver/Src/stm32f4xx_hal_rcc.o
                0x08004604                HAL_RCC_GetHCLKFreq
 .text.HAL_RCC_GetPCLK1Freq
                0x0800461c       0x28 ./Drivers/STM32F4xx_HAL_Driver/Src/stm32f4xx_hal_rcc.o
                0x0800461c                HAL_RCC_GetPCLK1Freq
 .text.HAL_RCC_GetPCLK2Freq
                0x08004644       0x28 ./Drivers/STM32F4xx_HAL_Driver/Src/stm32f4xx_hal_rcc.o
                0x08004644                HAL_RCC_GetPCLK2Freq
 .text.HAL_SPI_Init
                0x0800466c      0x112 ./Drivers/STM32F4xx_HAL_Driver/Src/stm32f4xx_hal_spi.o
                0x0800466c                HAL_SPI_Init
 .text.HAL_SPI_Transmit
                0x0800477e      0x288 ./Drivers/STM32F4xx_HAL_Driver/Src/stm32f4xx_hal_spi.o
                0x0800477e                HAL_SPI_Transmit
 .text.HAL_SPI_Receive
                0x08004a06      0x232 ./Drivers/STM32F4xx_HAL_Driver/Src/stm32f4xx_hal_spi.o
                0x08004a06                HAL_SPI_Receive
 .text.HAL_SPI_TransmitReceive
                0x08004c38      0x352 ./Drivers/STM32F4xx_HAL_Driver/Src/stm32f4xx_hal_spi.o
                0x08004c38                HAL_SPI_TransmitReceive
 .text.HAL_SPI_GetState
                0x08004f8a       0x1c ./Drivers/STM32F4xx_HAL_Driver/Src/stm32f4xx_hal_spi.o
                0x08004f8a                HAL_SPI_GetState
 *fill*         0x08004fa6        0x2 
 .text.SPI_WaitFlagStateUntilTimeout
                0x08004fa8      0x110 ./Drivers/STM32F4xx_HAL_Driver/Src/stm32f4xx_hal_spi.o
 .text.SPI_EndRxTransaction
                0x080050b8       0xca ./Drivers/STM32F4xx_HAL_Driver/Src/stm32f4xx_hal_spi.o
 *fill*         0x08005182        0x2 
 .text.SPI_EndRxTxTransaction
                0x08005184       0xa8 ./Drivers/STM32F4xx_HAL_Driver/Src/stm32f4xx_hal_spi.o
 .text.HAL_UART_Init
                0x0800522c       0xa0 ./Drivers/STM32F4xx_HAL_Driver/Src/stm32f4xx_hal_uart.o
                0x0800522c                HAL_UART_Init
 .text.HAL_UART_Transmit
                0x080052cc      0x116 ./Drivers/STM32F4xx_HAL_Driver/Src/stm32f4xx_hal_uart.o
                0x080052cc                HAL_UART_Transmit
 .text.HAL_UART_Receive_IT
                0x080053e2       0x4a ./Drivers/STM32F4xx_HAL_Driver/Src/stm32f4xx_hal_uart.o
                0x080053e2                HAL_UART_Receive_IT
 .text.HAL_UART_IRQHandler
                0x0800542c      0x554 ./Drivers/STM32F4xx_HAL_Driver/Src/stm32f4xx_hal_uart.o
                0x0800542c                HAL_UART_IRQHandler
 .text.HAL_UART_TxCpltCallback
                0x08005980       0x14 ./Drivers/STM32F4xx_HAL_Driver/Src/stm32f4xx_hal_uart.o
                0x08005980                HAL_UART_TxCpltCallback
 .text.HAL_UART_ErrorCallback
                0x08005994       0x14 ./Drivers/STM32F4xx_HAL_Driver/Src/stm32f4xx_hal_uart.o
                0x08005994                HAL_UART_ErrorCallback
 .text.HAL_UARTEx_RxEventCallback
                0x080059a8       0x18 ./Drivers/STM32F4xx_HAL_Driver/Src/stm32f4xx_hal_uart.o
                0x080059a8                HAL_UARTEx_RxEventCallback
 .text.UART_WaitOnFlagUntilTimeout
                0x080059c0       0xb2 ./Drivers/STM32F4xx_HAL_Driver/Src/stm32f4xx_hal_uart.o
 .text.UART_Start_Receive_IT
                0x08005a72       0x74 ./Drivers/STM32F4xx_HAL_Driver/Src/stm32f4xx_hal_uart.o
                0x08005a72                UART_Start_Receive_IT
 .text.UART_EndRxTransfer
                0x08005ae6       0xc6 ./Drivers/STM32F4xx_HAL_Driver/Src/stm32f4xx_hal_uart.o
 .text.UART_DMAAbortOnError
                0x08005bac       0x22 ./Drivers/STM32F4xx_HAL_Driver/Src/stm32f4xx_hal_uart.o
 .text.UART_Transmit_IT
                0x08005bce       0xa0 ./Drivers/STM32F4xx_HAL_Driver/Src/stm32f4xx_hal_uart.o
 .text.UART_EndTransmit_IT
                0x08005c6e       0x30 ./Drivers/STM32F4xx_HAL_Driver/Src/stm32f4xx_hal_uart.o
 .text.UART_Receive_IT
                0x08005c9e      0x17c ./Drivers/STM32F4xx_HAL_Driver/Src/stm32f4xx_hal_uart.o
 *fill*         0x08005e1a        0x2 
 .text.UART_SetConfig
                0x08005e1c      0x4e8 ./Drivers/STM32F4xx_HAL_Driver/Src/stm32f4xx_hal_uart.o
 .text.sprintf  0x08006304       0x44 E:/STM32CubeIDE_2.0.0/STM32CubeIDE/plugins/com.st.stm32cube.ide.mcu.externaltools.gnu-tools-for-stm32.13.3.rel1.win32_1.0.100.202509120712/tools/bin/../lib/gcc/arm-none-eabi/13.3.1/../../../../arm-none-eabi/lib/thumb/v7e-m+fp/hard\libc_nano.a(libc_a-sprintf.o)
                0x08006304                siprintf
                0x08006304                sprintf
 .text.sscanf   0x08006348       0x58 E:/STM32CubeIDE_2.0.0/STM32CubeIDE/plugins/com.st.stm32cube.ide.mcu.externaltools.gnu-tools-for-stm32.13.3.rel1.win32_1.0.100.202509120712/tools/bin/../lib/gcc/arm-none-eabi/13.3.1/../../../../arm-none-eabi/lib/thumb/v7e-m+fp/hard\libc_nano.a(libc_a-sscanf.o)
                0x08006348                siscanf
                0x08006348                sscanf
 .text.__seofread
                0x080063a0        0x4 E:/STM32CubeIDE_2.0.0/STM32CubeIDE/plugins/com.st.stm32cube.ide.mcu.externaltools.gnu-tools-for-stm32.13.3.rel1.win32_1.0.100.202509120712/tools/bin/../lib/gcc/arm-none-eabi/13.3.1/../../../../arm-none-eabi/lib/thumb/v7e-m+fp/hard\libc_nano.a(libc_a-stdio.o)
                0x080063a0                __seofread
 .text.memset   0x080063a4       0x10 E:/STM32CubeIDE_2.0.0/STM32CubeIDE/plugins/com.st.stm32cube.ide.mcu.externaltools.gnu-tools-for-stm32.13.3.rel1.win32_1.0.100.202509120712/tools/bin/../lib/gcc/arm-none-eabi/13.3.1/../../../../arm-none-eabi/lib/thumb/v7e-m+fp/hard\libc_nano.a(libc_a-memset.o)
                0x080063a4                memset
 .text.__errno  0x080063b4        0xc E:/STM32CubeIDE_2.0.0/STM32CubeIDE/plugins/com.st.stm32cube.ide.mcu.externaltools.gnu-tools-for-stm32.13.3.rel1.win32_1.0.100.202509120712/tools/bin/../lib/gcc/arm-none-eabi/13.3.1/../../../../arm-none-eabi/lib/thumb/v7e-m+fp/hard\libc_nano.a(libc_a-errno.o)
                0x080063b4                __errno
 .text.__libc_init_array
                0x080063c0       0x48 E:/STM32CubeIDE_2.0.0/STM32CubeIDE/plugins/com.st.stm32cube.ide.mcu.externaltools.gnu-tools-for-stm32.13.3.rel1.win32_1.0.100.202509120712/tools/bin/../lib/gcc/arm-none-eabi/13.3.1/../../../../arm-none-eabi/lib/thumb/v7e-m+fp/hard\libc_nano.a(libc_a-init.o)
                0x080063c0                __libc_init_array
 .text.__retarget_lock_acquire_recursive
                0x08006408        0x2 E:/STM32CubeIDE_2.0.0/STM32CubeIDE/plugins/com.st.stm32cube.ide.mcu.externaltools.gnu-tools-for-stm32.13.3.rel1.win32_1.0.100.202509120712/tools/bin/../lib/gcc/arm-none-eabi/13.3.1/../../../../arm-none-eabi/lib/thumb/v7e-m+fp/hard\libc_nano.a(libc_a-lock.o)
                0x08006408                __retarget_lock_acquire_recursive
 .text.__retarget_lock_release_recursive
                0x0800640a        0x2 E:/STM32CubeIDE_2.0.0/STM32CubeIDE/plugins/com.st.stm32cube.ide.mcu.externaltools.gnu-tools-for-stm32.13.3.rel1.win32_1.0.100.202509120712/tools/bin/../lib/gcc/arm-none-eabi/13.3.1/../../../../arm-none-eabi/lib/thumb/v7e-m+fp/hard\libc_nano.a(libc_a-lock.o)
                0x0800640a                __retarget_lock_release_recursive
 .text.memcpy   0x0800640c       0x1c E:/STM32CubeIDE_2.0.0/STM32CubeIDE/plugins/com.st.stm32cube.ide.mcu.externaltools.gnu-tools-for-stm32.13.3.rel1.win32_1.0.100.202509120712/tools/bin/../lib/gcc/arm-none-eabi/13.3.1/../../../../arm-none-eabi/lib/thumb/v7e-m+fp/hard\libc_nano.a(libc_a-memcpy-stub.o)
                0x0800640c                memcpy
 .text._free_r  0x08006428       0x94 E:/STM32CubeIDE_2.0.0/STM32CubeIDE/plugins/com.st.stm32cube.ide.mcu.externaltools.gnu-tools-for-stm32.13.3.rel1.win32_1.0.100.202509120712/tools/bin/../lib/gcc/arm-none-eabi/13.3.1/../../../../arm-none-eabi/lib/thumb/v7e-m+fp/hard\libc_nano.a(libc_a-freer.o)
                0x08006428                _free_r
 .text.sbrk_aligned
                0x080064bc       0x44 E:/STM32CubeIDE_2.0.0/STM32CubeIDE/plugins/com.st.stm32cube.ide.mcu.externaltools.gnu-tools-for-stm32.13.3.rel1.win32_1.0.100.202509120712/tools/bin/../lib/gcc/arm-none-eabi/13.3.1/../../../../arm-none-eabi/lib/thumb/v7e-m+fp/hard\libc_nano.a(libc_a-mallocr.o)
 .text._malloc_r
                0x08006500      0x100 E:/STM32CubeIDE_2.0.0/STM32CubeIDE/plugins/com.st.stm32cube.ide.mcu.externaltools.gnu-tools-for-stm32.13.3.rel1.win32_1.0.100.202509120712/tools/bin/../lib/gcc/arm-none-eabi/13.3.1/../../../../arm-none-eabi/lib/thumb/v7e-m+fp/hard\libc_nano.a(libc_a-mallocr.o)
                0x08006500                _malloc_r
 .text.__malloc_lock
                0x08006600        0xc E:/STM32CubeIDE_2.0.0/STM32CubeIDE/plugins/com.st.stm32cube.ide.mcu.externaltools.gnu-tools-for-stm32.13.3.rel1.win32_1.0.100.202509120712/tools/bin/../lib/gcc/arm-none-eabi/13.3.1/../../../../arm-none-eabi/lib/thumb/v7e-m+fp/hard\libc_nano.a(libc_a-mlock.o)
                0x08006600                __malloc_lock
 .text.__malloc_unlock
                0x0800660c        0xc E:/STM32CubeIDE_2.0.0/STM32CubeIDE/plugins/com.st.stm32cube.ide.mcu.externaltools.gnu-tools-for-stm32.13.3.rel1.win32_1.0.100.202509120712/tools/bin/../lib/gcc/arm-none-eabi/13.3.1/../../../../arm-none-eabi/lib/thumb/v7e-m+fp/hard\libc_nano.a(libc_a-mlock.o)
                0x0800660c                __malloc_unlock
 .text.__ssputs_r
                0x08006618       0xb6 E:/STM32CubeIDE_2.0.0/STM32CubeIDE/plugins/com.st.stm32cube.ide.mcu.externaltools.gnu-tools-for-stm32.13.3.rel1.win32_1.0.100.202509120712/tools/bin/../lib/gcc/arm-none-eabi/13.3.1/../../../../arm-none-eabi/lib/thumb/v7e-m+fp/hard\libc_nano.a(libc_a-nano-svfprintf.o)
                0x08006618                __ssputs_r
 *fill*         0x080066ce        0x2 
 .text._svfprintf_r
                0x080066d0      0x1f8 E:/STM32CubeIDE_2.0.0/STM32CubeIDE/plugins/com.st.stm32cube.ide.mcu.externaltools.gnu-tools-for-stm32.13.3.rel1.win32_1.0.100.202509120712/tools/bin/../lib/gcc/arm-none-eabi/13.3.1/../../../../arm-none-eabi/lib/thumb/v7e-m+fp/hard\libc_nano.a(libc_a-nano-svfprintf.o)
                0x080066d0                _svfiprintf_r
                0x080066d0                _svfprintf_r
 .text._sungetc_r
                0x080068c8       0x7a E:/STM32CubeIDE_2.0.0/STM32CubeIDE/plugins/com.st.stm32cube.ide.mcu.externaltools.gnu-tools-for-stm32.13.3.rel1.win32_1.0.100.202509120712/tools/bin/../lib/gcc/arm-none-eabi/13.3.1/../../../../arm-none-eabi/lib/thumb/v7e-m+fp/hard\libc_nano.a(libc_a-nano-svfscanf.o)
                0x080068c8                _sungetc_r
 .text.__ssrefill_r
                0x08006942       0x3a E:/STM32CubeIDE_2.0.0/STM32CubeIDE/plugins/com.st.stm32cube.ide.mcu.externaltools.gnu-tools-for-stm32.13.3.rel1.win32_1.0.100.202509120712/tools/bin/../lib/gcc/arm-none-eabi/13.3.1/../../../../arm-none-eabi/lib/thumb/v7e-m+fp/hard\libc_nano.a(libc_a-nano-svfscanf.o)
                0x08006942                __ssrefill_r
 .text.__ssvfscanf_r
                0x0800697c      0x2ec E:/STM32CubeIDE_2.0.0/STM32CubeIDE/plugins/com.st.stm32cube.ide.mcu.externaltools.gnu-tools-for-stm32.13.3.rel1.win32_1.0.100.202509120712/tools/bin/../lib/gcc/arm-none-eabi/13.3.1/../../../../arm-none-eabi/lib/thumb/v7e-m+fp/hard\libc_nano.a(libc_a-nano-svfscanf.o)
                0x0800697c                __ssvfiscanf_r
                0x0800697c                __ssvfscanf_r
 .text._printf_common
                0x08006c68       0xda E:/STM32CubeIDE_2.0.0/STM32CubeIDE/plugins/com.st.stm32cube.ide.mcu.externaltools.gnu-tools-for-stm32.13.3.rel1.win32_1.0.100.202509120712/tools/bin/../lib/gcc/arm-none-eabi/13.3.1/../../../../arm-none-eabi/lib/thumb/v7e-m+fp/hard\libc_nano.a(libc_a-nano-vfprintf_i.o)
                0x08006c68                _printf_common
 *fill*         0x08006d42        0x2 
 .text._printf_i
                0x08006d44      0x23c E:/STM32CubeIDE_2.0.0/STM32CubeIDE/plugins/com.st.stm32cube.ide.mcu.externaltools.gnu-tools-for-stm32.13.3.rel1.win32_1.0.100.202509120712/tools/bin/../lib/gcc/arm-none-eabi/13.3.1/../../../../arm-none-eabi/lib/thumb/v7e-m+fp/hard\libc_nano.a(libc_a-nano-vfprintf_i.o)
                0x08006d44                _printf_i
 .text._scanf_chars
                0x08006f80       0xb4 E:/STM32CubeIDE_2.0.0/STM32CubeIDE/plugins/com.st.stm32cube.ide.mcu.externaltools.gnu-tools-for-stm32.13.3.rel1.win32_1.0.100.202509120712/tools/bin/../lib/gcc/arm-none-eabi/13.3.1/../../../../arm-none-eabi/lib/thumb/v7e-m+fp/hard\libc_nano.a(libc_a-nano-vfscanf_i.o)
                0x08006f80                _scanf_chars
 .text._scanf_i
                0x08007034      0x1e8 E:/STM32CubeIDE_2.0.0/STM32CubeIDE/plugins/com.st.stm32cube.ide.mcu.externaltools.gnu-tools-for-stm32.13.3.rel1.win32_1.0.100.202509120712/tools/bin/../lib/gcc/arm-none-eabi/13.3.1/../../../../arm-none-eabi/lib/thumb/v7e-m+fp/hard\libc_nano.a(libc_a-nano-vfscanf_i.o)
                0x08007034                _scanf_i
 .text.__sccl   0x0800721c       0x72 E:/STM32CubeIDE_2.0.0/STM32CubeIDE/plugins/com.st.stm32cube.ide.mcu.externaltools.gnu-tools-for-stm32.13.3.rel1.win32_1.0.100.202509120712/tools/bin/../lib/gcc/arm-none-eabi/13.3.1/../../../../arm-none-eabi/lib/thumb/v7e-m+fp/hard\libc_nano.a(libc_a-sccl.o)
                0x0800721c                __sccl
 .text.__submore
                0x0800728e       0x74 E:/STM32CubeIDE_2.0.0/STM32CubeIDE/plugins/com.st.stm32cube.ide.mcu.externaltools.gnu-tools-for-stm32.13.3.rel1.win32_1.0.100.202509120712/tools/bin/../lib/gcc/arm-none-eabi/13.3.1/../../../../arm-none-eabi/lib/thumb/v7e-m+fp/hard\libc_nano.a(libc_a-ungetc.o)
                0x0800728e                __submore
 .text.memmove  0x08007302       0x34 E:/STM32CubeIDE_2.0.0/STM32CubeIDE/plugins/com.st.stm32cube.ide.mcu.externaltools.gnu-tools-for-stm32.13.3.rel1.win32_1.0.100.202509120712/tools/bin/../lib/gcc/arm-none-eabi/13.3.1/../../../../arm-none-eabi/lib/thumb/v7e-m+fp/hard\libc_nano.a(libc_a-memmove.o)
                0x08007302                memmove
 *fill*         0x08007336        0x2 
 .text._sbrk_r  0x08007338       0x20 E:/STM32CubeIDE_2.0.0/STM32CubeIDE/plugins/com.st.stm32cube.ide.mcu.externaltools.gnu-tools-for-stm32.13.3.rel1.win32_1.0.100.202509120712/tools/bin/../lib/gcc/arm-none-eabi/13.3.1/../../../../arm-none-eabi/lib/thumb/v7e-m+fp/hard\libc_nano.a(libc_a-sbrkr.o)
                0x08007338                _sbrk_r
 .text._realloc_r
                0x08007358       0x5c E:/STM32CubeIDE_2.0.0/STM32CubeIDE/plugins/com.st.stm32cube.ide.mcu.externaltools.gnu-tools-for-stm32.13.3.rel1.win32_1.0.100.202509120712/tools/bin/../lib/gcc/arm-none-eabi/13.3.1/../../../../arm-none-eabi/lib/thumb/v7e-m+fp/hard\libc_nano.a(libc_a-reallocr.o)
                0x08007358                _realloc_r
 .text._strtol_l.isra.0
                0x080073b4       0xf4 E:/STM32CubeIDE_2.0.0/STM32CubeIDE/plugins/com.st.stm32cube.ide.mcu.externaltools.gnu-tools-for-stm32.13.3.rel1.win32_1.0.100.202509120712/tools/bin/../lib/gcc/arm-none-eabi/13.3.1/../../../../arm-none-eabi/lib/thumb/v7e-m+fp/hard\libc_nano.a(libc_a-strtol.o)
 .text._strtol_r
                0x080074a8        0x4 E:/STM32CubeIDE_2.0.0/STM32CubeIDE/plugins/com.st.stm32cube.ide.mcu.externaltools.gnu-tools-for-stm32.13.3.rel1.win32_1.0.100.202509120712/tools/bin/../lib/gcc/arm-none-eabi/13.3.1/../../../../arm-none-eabi/lib/thumb/v7e-m+fp/hard\libc_nano.a(libc_a-strtol.o)
                0x080074a8                _strtol_r
 .text._strtoul_l.isra.0
                0x080074ac       0xdc E:/STM32CubeIDE_2.0.0/STM32CubeIDE/plugins/com.st.stm32cube.ide.mcu.externaltools.gnu-tools-for-stm32.13.3.rel1.win32_1.0.100.202509120712/tools/bin/../lib/gcc/arm-none-eabi/13.3.1/../../../../arm-none-eabi/lib/thumb/v7e-m+fp/hard\libc_nano.a(libc_a-strtoul.o)
 .text._strtoul_r
                0x08007588        0x4 E:/STM32CubeIDE_2.0.0/STM32CubeIDE/plugins/com.st.stm32cube.ide.mcu.externaltools.gnu-tools-for-stm32.13.3.rel1.win32_1.0.100.202509120712/tools/bin/../lib/gcc/arm-none-eabi/13.3.1/../../../../arm-none-eabi/lib/thumb/v7e-m+fp/hard\libc_nano.a(libc_a-strtoul.o)
                0x08007588                _strtoul_r
 .text._malloc_usable_size_r
                0x0800758c       0x10 E:/STM32CubeIDE_2.0.0/STM32CubeIDE/plugins/com.st.stm32cube.ide.mcu.externaltools.gnu-tools-for-stm32.13.3.rel1.win32_1.0.100.202509120712/tools/bin/../lib/gcc/arm-none-eabi/13.3.1/../../../../arm-none-eabi/lib/thumb/v7e-m+fp/hard\libc_nano.a(libc_a-msizer.o)
                0x0800758c                _malloc_usable_size_r
 *(.glue_7)
 .glue_7        0x0800759c        0x0 linker stubs
 *(.glue_7t)
 .glue_7t       0x0800759c        0x0 linker stubs
 *(.eh_frame)
 .eh_frame      0x0800759c        0x0 E:/STM32CubeIDE_2.0.0/STM32CubeIDE/plugins/com.st.stm32cube.ide.mcu.externaltools.gnu-tools-for-stm32.13.3.rel1.win32_1.0.100.202509120712/tools/bin/../lib/gcc/arm-none-eabi/13.3.1/thumb/v7e-m+fp/hard/crtbegin.o
 *(.init)
 .init          0x0800759c        0x4 E:/STM32CubeIDE_2.0.0/STM32CubeIDE/plugins/com.st.stm32cube.ide.mcu.externaltools.gnu-tools-for-stm32.13.3.rel1.win32_1.0.100.202509120712/tools/bin/../lib/gcc/arm-none-eabi/13.3.1/thumb/v7e-m+fp/hard/crti.o
                0x0800759c                _init
 .init          0x080075a0        0x8 E:/STM32CubeIDE_2.0.0/STM32CubeIDE/plugins/com.st.stm32cube.ide.mcu.externaltools.gnu-tools-for-stm32.13.3.rel1.win32_1.0.100.202509120712/tools/bin/../lib/gcc/arm-none-eabi/13.3.1/thumb/v7e-m+fp/hard/crtn.o
 *(.fini)
 .fini          0x080075a8        0x4 E:/STM32CubeIDE_2.0.0/STM32CubeIDE/plugins/com.st.stm32cube.ide.mcu.externaltools.gnu-tools-for-stm32.13.3.rel1.win32_1.0.100.202509120712/tools/bin/../lib/gcc/arm-none-eabi/13.3.1/thumb/v7e-m+fp/hard/crti.o
                0x080075a8                _fini
 .fini          0x080075ac        0x8 E:/STM32CubeIDE_2.0.0/STM32CubeIDE/plugins/com.st.stm32cube.ide.mcu.externaltools.gnu-tools-for-stm32.13.3.rel1.win32_1.0.100.202509120712/tools/bin/../lib/gcc/arm-none-eabi/13.3.1/thumb/v7e-m+fp/hard/crtn.o
                0x080075b4                        . = ALIGN (0x4)
                0x080075b4                        _etext = .

.vfp11_veneer   0x080075b4        0x0
 .vfp11_veneer  0x080075b4        0x0 linker stubs

.v4_bx          0x080075b4        0x0
 .v4_bx         0x080075b4        0x0 linker stubs

.iplt           0x080075b4        0x0
 .iplt          0x080075b4        0x0 E:/STM32CubeIDE_2.0.0/STM32CubeIDE/plugins/com.st.stm32cube.ide.mcu.externaltools.gnu-tools-for-stm32.13.3.rel1.win32_1.0.100.202509120712/tools/bin/../lib/gcc/arm-none-eabi/13.3.1/thumb/v7e-m+fp/hard/crtbegin.o

.rodata         0x080075b4     0x182c
                0x080075b4                        . = ALIGN (0x4)
 *(.rodata)
 .rodata        0x080075b4      0x1f0 ./Core/Src/main.o
 .rodata        0x080077a4        0xc E:/STM32CubeIDE_2.0.0/STM32CubeIDE/plugins/com.st.stm32cube.ide.mcu.externaltools.gnu-tools-for-stm32.13.3.rel1.win32_1.0.100.202509120712/tools/bin/../lib/gcc/arm-none-eabi/13.3.1/../../../../arm-none-eabi/lib/thumb/v7e-m+fp/hard\libc_nano.a(libc_a-nano-vfscanf_i.o)
 *(.rodata*)
 .rodata.Font7x10
                0x080077b0      0x76c ./Core/Src/fonts.o
                0x080077b0                Font7x10
 .rodata.Font11x18
                0x08007f1c      0xd5c ./Core/Src/fonts.o
                0x08007f1c                Font11x18
 .rodata.AHBPrescTable
                0x08008c78       0x10 ./Core/Src/system_stm32f4xx.o
                0x08008c78                AHBPrescTable
 .rodata.APBPrescTable
                0x08008c88        0x8 ./Core/Src/system_stm32f4xx.o
                0x08008c88                APBPrescTable
 .rodata._svfprintf_r.str1.1
                0x08008c90       0x4e E:/STM32CubeIDE_2.0.0/STM32CubeIDE/plugins/com.st.stm32cube.ide.mcu.externaltools.gnu-tools-for-stm32.13.3.rel1.win32_1.0.100.202509120712/tools/bin/../lib/gcc/arm-none-eabi/13.3.1/../../../../arm-none-eabi/lib/thumb/v7e-m+fp/hard\libc_nano.a(libc_a-nano-svfprintf.o)
                                 0x11 (size before relaxing)
 .rodata.__ssvfscanf_r.str1.1
                0x08008cde        0x0 E:/STM32CubeIDE_2.0.0/STM32CubeIDE/plugins/com.st.stm32cube.ide.mcu.externaltools.gnu-tools-for-stm32.13.3.rel1.win32_1.0.100.202509120712/tools/bin/../lib/gcc/arm-none-eabi/13.3.1/../../../../arm-none-eabi/lib/thumb/v7e-m+fp/hard\libc_nano.a(libc_a-nano-svfscanf.o)
                                  0x4 (size before relaxing)
 .rodata._printf_i.str1.1
                0x08008cde        0x0 E:/STM32CubeIDE_2.0.0/STM32CubeIDE/plugins/com.st.stm32cube.ide.mcu.externaltools.gnu-tools-for-stm32.13.3.rel1.win32_1.0.100.202509120712/tools/bin/../lib/gcc/arm-none-eabi/13.3.1/../../../../arm-none-eabi/lib/thumb/v7e-m+fp/hard\libc_nano.a(libc_a-nano-vfprintf_i.o)
                                 0x22 (size before relaxing)
 .rodata._scanf_i.str1.1
                0x08008cde        0x0 E:/STM32CubeIDE_2.0.0/STM32CubeIDE/plugins/com.st.stm32cube.ide.mcu.externaltools.gnu-tools-for-stm32.13.3.rel1.win32_1.0.100.202509120712/tools/bin/../lib/gcc/arm-none-eabi/13.3.1/../../../../arm-none-eabi/lib/thumb/v7e-m+fp/hard\libc_nano.a(libc_a-nano-vfscanf_i.o)
                                 0x12 (size before relaxing)
 .rodata.str1.1
                0x08008cde        0x0 E:/STM32CubeIDE_2.0.0/STM32CubeIDE/plugins/com.st.stm32cube.ide.mcu.externaltools.gnu-tools-for-stm32.13.3.rel1.win32_1.0.100.202509120712/tools/bin/../lib/gcc/arm-none-eabi/13.3.1/../../../../arm-none-eabi/lib/thumb/v7e-m+fp/hard\libc_nano.a(libc_a-nano-vfscanf_i.o)
                                  0x9 (size before relaxing)
 .rodata._ctype_
                0x08008cde      0x101 E:/STM32CubeIDE_2.0.0/STM32CubeIDE/plugins/com.st.stm32cube.ide.mcu.externaltools.gnu-tools-for-stm32.13.3.rel1.win32_1.0.100.202509120712/tools/bin/../lib/gcc/arm-none-eabi/13.3.1/../../../../arm-none-eabi/lib/thumb/v7e-m+fp/hard\libc_nano.a(libc_a-ctype_.o)
                0x08008cde                _ctype_
                0x08008de0                        . = ALIGN (0x4)
 *fill*         0x08008ddf        0x1 

.ARM.extab      0x08008de0        0x0
                0x08008de0                        . = ALIGN (0x4)
 *(.ARM.extab* .gnu.linkonce.armextab.*)
                0x08008de0                        . = ALIGN (0x4)

.ARM            0x08008de0        0x8
                0x08008de0                        . = ALIGN (0x4)
                0x08008de0                        __exidx_start = .
 *(.ARM.exidx*)
 .ARM.exidx     0x08008de0        0x8 E:/STM32CubeIDE_2.0.0/STM32CubeIDE/plugins/com.st.stm32cube.ide.mcu.externaltools.gnu-tools-for-stm32.13.3.rel1.win32_1.0.100.202509120712/tools/bin/../lib/gcc/arm-none-eabi/13.3.1/../../../../arm-none-eabi/lib/thumb/v7e-m+fp/hard\libc_nano.a(libc_a-strcmp.o)
 .ARM.exidx     0x08008de8        0x0 E:/STM32CubeIDE_2.0.0/STM32CubeIDE/plugins/com.st.stm32cube.ide.mcu.externaltools.gnu-tools-for-stm32.13.3.rel1.win32_1.0.100.202509120712/tools/bin/../lib/gcc/arm-none-eabi/13.3.1/../../../../arm-none-eabi/lib/thumb/v7e-m+fp/hard\libc_nano.a(libc_a-strlen.o)
                                  0x8 (size before relaxing)
 .ARM.exidx     0x08008de8        0x0 E:/STM32CubeIDE_2.0.0/STM32CubeIDE/plugins/com.st.stm32cube.ide.mcu.externaltools.gnu-tools-for-stm32.13.3.rel1.win32_1.0.100.202509120712/tools/bin/../lib/gcc/arm-none-eabi/13.3.1/../../../../arm-none-eabi/lib/thumb/v7e-m+fp/hard\libc_nano.a(libc_a-memchr.o)
                                  0x8 (size before relaxing)
 .ARM.exidx     0x08008de8        0x0 E:/STM32CubeIDE_2.0.0/STM32CubeIDE/plugins/com.st.stm32cube.ide.mcu.externaltools.gnu-tools-for-stm32.13.3.rel1.win32_1.0.100.202509120712/tools/bin/../lib/gcc/arm-none-eabi/13.3.1/thumb/v7e-m+fp/hard\libgcc.a(_udivmoddi4.o)
                                  0x8 (size before relaxing)
                0x08008de8                        __exidx_end = .
                0x08008de8                        . = ALIGN (0x4)

.preinit_array  0x08008de8        0x0
                0x08008de8                        . = ALIGN (0x4)
                0x08008de8                        PROVIDE (__preinit_array_start = .)
 *(.preinit_array*)
                0x08008de8                        PROVIDE (__preinit_array_end = .)
                0x08008de8                        . = ALIGN (0x4)

.init_array     0x08008de8        0x4
                0x08008de8                        . = ALIGN (0x4)
                0x08008de8                        PROVIDE (__init_array_start = .)
 *(SORT_BY_NAME(.init_array.*))
 *(.init_array*)
 .init_array    0x08008de8        0x4 E:/STM32CubeIDE_2.0.0/STM32CubeIDE/plugins/com.st.stm32cube.ide.mcu.externaltools.gnu-tools-for-stm32.13.3.rel1.win32_1.0.100.202509120712/tools/bin/../lib/gcc/arm-none-eabi/13.3.1/thumb/v7e-m+fp/hard/crtbegin.o
                0x08008dec                        PROVIDE (__init_array_end = .)
                0x08008dec                        . = ALIGN (0x4)

.fini_array     0x08008dec        0x4
                0x08008dec                        . = ALIGN (0x4)
                [!provide]                        PROVIDE (__fini_array_start = .)
 *(SORT_BY_NAME(.fini_array.*))
 *(.fini_array*)
 .fini_array    0x08008dec        0x4 E:/STM32CubeIDE_2.0.0/STM32CubeIDE/plugins/com.st.stm32cube.ide.mcu.externaltools.gnu-tools-for-stm32.13.3.rel1.win32_1.0.100.202509120712/tools/bin/../lib/gcc/arm-none-eabi/13.3.1/thumb/v7e-m+fp/hard/crtbegin.o
                [!provide]                        PROVIDE (__fini_array_end = .)
                0x08008df0                        . = ALIGN (0x4)
                0x08008df0                        _sidata = LOADADDR (.data)

.rel.dyn        0x08008df0        0x0
 .rel.iplt      0x08008df0        0x0 E:/STM32CubeIDE_2.0.0/STM32CubeIDE/plugins/com.st.stm32cube.ide.mcu.externaltools.gnu-tools-for-stm32.13.3.rel1.win32_1.0.100.202509120712/tools/bin/../lib/gcc/arm-none-eabi/13.3.1/thumb/v7e-m+fp/hard/crtbegin.o

.data           0x20000000       0x6c load address 0x08008df0
                0x20000000                        . = ALIGN (0x4)
                0x20000000                        _sdata = .
 *(.data)
 *(.data*)
 .data.Font_7x10
                0x20000000        0x8 ./Core/Src/fonts.o
                0x20000000                Font_7x10
 .data.Font_11x18
                0x20000008        0x8 ./Core/Src/fonts.o
                0x20000008                Font_11x18
 .data.SystemCoreClock
                0x20000010        0x4 ./Core/Src/system_stm32f4xx.o
                0x20000010                SystemCoreClock
 .data.uwTickPrio
                0x20000014        0x4 ./Drivers/STM32F4xx_HAL_Driver/Src/stm32f4xx_hal.o
                0x20000014                uwTickPrio
 .data.uwTickFreq
                0x20000018        0x1 ./Drivers/STM32F4xx_HAL_Driver/Src/stm32f4xx_hal.o
                0x20000018                uwTickFreq
 *fill*         0x20000019        0x3 
 .data._impure_ptr
                0x2000001c        0x4 E:/STM32CubeIDE_2.0.0/STM32CubeIDE/plugins/com.st.stm32cube.ide.mcu.externaltools.gnu-tools-for-stm32.13.3.rel1.win32_1.0.100.202509120712/tools/bin/../lib/gcc/arm-none-eabi/13.3.1/../../../../arm-none-eabi/lib/thumb/v7e-m+fp/hard\libc_nano.a(libc_a-impure.o)
                0x2000001c                _impure_ptr
 .data._impure_data
                0x20000020       0x4c E:/STM32CubeIDE_2.0.0/STM32CubeIDE/plugins/com.st.stm32cube.ide.mcu.externaltools.gnu-tools-for-stm32.13.3.rel1.win32_1.0.100.202509120712/tools/bin/../lib/gcc/arm-none-eabi/13.3.1/../../../../arm-none-eabi/lib/thumb/v7e-m+fp/hard\libc_nano.a(libc_a-impure.o)
                0x20000020                _impure_data
 *(.RamFunc)
 *(.RamFunc*)
                0x2000006c                        . = ALIGN (0x4)
                0x2000006c                        _edata = .
                0x08008e5c                        _siccmram = LOADADDR (.ccmram)

.igot.plt       0x2000006c        0x0 load address 0x08008e5c
 .igot.plt      0x2000006c        0x0 E:/STM32CubeIDE_2.0.0/STM32CubeIDE/plugins/com.st.stm32cube.ide.mcu.externaltools.gnu-tools-for-stm32.13.3.rel1.win32_1.0.100.202509120712/tools/bin/../lib/gcc/arm-none-eabi/13.3.1/thumb/v7e-m+fp/hard/crtbegin.o

.ccmram         0x10000000        0x0 load address 0x08008e5c
                0x10000000                        . = ALIGN (0x4)
                0x10000000                        _sccmram = .
 *(.ccmram)
 *(.ccmram*)
                0x10000000                        . = ALIGN (0x4)
                0x10000000                        _eccmram = .
                0x10000000                        . = ALIGN (0x4)

.bss            0x2000006c      0xb50
                0x2000006c                        _sbss = .
                0x2000006c                        __bss_start__ = _sbss
 *(.bss)
 .bss           0x2000006c       0x1c E:/STM32CubeIDE_2.0.0/STM32CubeIDE/plugins/com.st.stm32cube.ide.mcu.externaltools.gnu-tools-for-stm32.13.3.rel1.win32_1.0.100.202509120712/tools/bin/../lib/gcc/arm-none-eabi/13.3.1/thumb/v7e-m+fp/hard/crtbegin.o
 *(.bss*)
 .bss.SH1106_Buffer
                0x20000088      0x400 ./Core/Src/SH1106.o
 .bss.SH1106    0x20000488        0x6 ./Core/Src/SH1106.o
 *fill*         0x2000048e        0x2 
 .bss.hi2c3     0x20000490       0x54 ./Core/Src/main.o
                0x20000490                hi2c3
 .bss.hspi4     0x200004e4       0x58 ./Core/Src/main.o
                0x200004e4                hspi4
 .bss.huart1    0x2000053c       0x48 ./Core/Src/main.o
                0x2000053c                huart1
 .bss.rfid_id   0x20000584        0x5 ./Core/Src/main.o
                0x20000584                rfid_id
 .bss.card_detected
                0x20000589        0x1 ./Core/Src/main.o
                0x20000589                card_detected
 *fill*         0x2000058a        0x2 
 .bss.valid_card
                0x2000058c        0x5 ./Core/Src/main.o
                0x2000058c                valid_card
 .bss.card_authorized
                0x20000591        0x1 ./Core/Src/main.o
                0x20000591                card_authorized
 *fill*         0x20000592        0x2 
 .bss.access_log
                0x20000594      0x4b0 ./Core/Src/main.o
                0x20000594                access_log
 .bss.log_count
                0x20000a44        0x1 ./Core/Src/main.o
                0x20000a44                log_count
 .bss.uart_rx_char
                0x20000a45        0x1 ./Core/Src/main.o
                0x20000a45                uart_rx_char
 *fill*         0x20000a46        0x2 
 .bss.uart_cmd  0x20000a48       0x20 ./Core/Src/main.o
                0x20000a48                uart_cmd
 .bss.uart_cmd_index
                0x20000a68        0x1 ./Core/Src/main.o
                0x20000a68                uart_cmd_index
 .bss.uart_cmd_ready
                0x20000a69        0x1 ./Core/Src/main.o
                0x20000a69                uart_cmd_ready
 *fill*         0x20000a6a        0x2 
 .bss.__sbrk_heap_end
                0x20000a6c        0x4 ./Core/Src/sysmem.o
 .bss.uwTick    0x20000a70        0x4 ./Drivers/STM32F4xx_HAL_Driver/Src/stm32f4xx_hal.o
                0x20000a70                uwTick
 .bss.__sf      0x20000a74      0x138 E:/STM32CubeIDE_2.0.0/STM32CubeIDE/plugins/com.st.stm32cube.ide.mcu.externaltools.gnu-tools-for-stm32.13.3.rel1.win32_1.0.100.202509120712/tools/bin/../lib/gcc/arm-none-eabi/13.3.1/../../../../arm-none-eabi/lib/thumb/v7e-m+fp/hard\libc_nano.a(libc_a-findfp.o)
                0x20000a74                __sf
 .bss.errno     0x20000bac        0x4 E:/STM32CubeIDE_2.0.0/STM32CubeIDE/plugins/com.st.stm32cube.ide.mcu.externaltools.gnu-tools-for-stm32.13.3.rel1.win32_1.0.100.202509120712/tools/bin/../lib/gcc/arm-none-eabi/13.3.1/../../../../arm-none-eabi/lib/thumb/v7e-m+fp/hard\libc_nano.a(libc_a-reent.o)
                0x20000bac                errno
 .bss.__lock___malloc_recursive_mutex
                0x20000bb0        0x1 E:/STM32CubeIDE_2.0.0/STM32CubeIDE/plugins/com.st.stm32cube.ide.mcu.externaltools.gnu-tools-for-stm32.13.3.rel1.win32_1.0.100.202509120712/tools/bin/../lib/gcc/arm-none-eabi/13.3.1/../../../../arm-none-eabi/lib/thumb/v7e-m+fp/hard\libc_nano.a(libc_a-lock.o)
                0x20000bb0                __lock___malloc_recursive_mutex
 *fill*         0x20000bb1        0x3 
 .bss.__malloc_sbrk_start
                0x20000bb4        0x4 E:/STM32CubeIDE_2.0.0/STM32CubeIDE/plugins/com.st.stm32cube.ide.mcu.externaltools.gnu-tools-for-stm32.13.3.rel1.win32_1.0.100.202509120712/tools/bin/../lib/gcc/arm-none-eabi/13.3.1/../../../../arm-none-eabi/lib/thumb/v7e-m+fp/hard\libc_nano.a(libc_a-mallocr.o)
                0x20000bb4                __malloc_sbrk_start
 .bss.__malloc_free_list
                0x20000bb8        0x4 E:/STM32CubeIDE_2.0.0/STM32CubeIDE/plugins/com.st.stm32cube.ide.mcu.externaltools.gnu-tools-for-stm32.13.3.rel1.win32_1.0.100.202509120712/tools/bin/../lib/gcc/arm-none-eabi/13.3.1/../../../../arm-none-eabi/lib/thumb/v7e-m+fp/hard\libc_nano.a(libc_a-mallocr.o)
                0x20000bb8                __malloc_free_list
 *(COMMON)
                0x20000bbc                        . = ALIGN (0x4)
                0x20000bbc                        _ebss = .
                0x20000bbc                        __bss_end__ = _ebss

._user_heap_stack
                0x20000bbc      0x604
                0x20000bc0                        . = ALIGN (0x8)
 *fill*         0x20000bbc        0x4 
                [!provide]                        PROVIDE (end = .)
                0x20000bc0                        PROVIDE (_end = .)
                0x20000dc0                        . = (. + _Min_Heap_Size)
 *fill*         0x20000bc0      0x200 
                0x200011c0                        . = (. + _Min_Stack_Size)
 *fill*         0x20000dc0      0x400 
                0x200011c0                        . = ALIGN (0x8)

/DISCARD/
 libc.a(*)
 libm.a(*)
 libgcc.a(*)

.ARM.attributes
                0x00000000       0x30
 *(.ARM.attributes)
 .ARM.attributes
                0x00000000       0x22 E:/STM32CubeIDE_2.0.0/STM32CubeIDE/plugins/com.st.stm32cube.ide.mcu.externaltools.gnu-tools-for-stm32.13.3.rel1.win32_1.0.100.202509120712/tools/bin/../lib/gcc/arm-none-eabi/13.3.1/thumb/v7e-m+fp/hard/crti.o
 .ARM.attributes
                0x00000022       0x34 E:/STM32CubeIDE_2.0.0/STM32CubeIDE/plugins/com.st.stm32cube.ide.mcu.externaltools.gnu-tools-for-stm32.13.3.rel1.win32_1.0.100.202509120712/tools/bin/../lib/gcc/arm-none-eabi/13.3.1/thumb/v7e-m+fp/hard/crtbegin.o
 .ARM.attributes
                0x00000056       0x34 ./Core/Src/SH1106.o
 .ARM.attributes
                0x0000008a       0x34 ./Core/Src/fonts.o
 .ARM.attributes
                0x000000be       0x34 ./Core/Src/main.o
 .ARM.attributes
                0x000000f2       0x34 ./Core/Src/stm32f4xx_hal_msp.o
 .ARM.attributes
                0x00000126       0x34 ./Core/Src/stm32f4xx_it.o
 .ARM.attributes
                0x0000015a       0x34 ./Core/Src/sysmem.o
 .ARM.attributes
                0x0000018e       0x34 ./Core/Src/system_stm32f4xx.o
 .ARM.attributes
                0x000001c2       0x34 ./Core/Src/tm_stm32f4_mfrc522.o
 .ARM.attributes
                0x000001f6       0x21 ./Core/Startup/startup_stm32f429zitx.o
 .ARM.attributes
                0x00000217       0x34 ./Drivers/STM32F4xx_HAL_Driver/Src/stm32f4xx_hal.o
 .ARM.attributes
                0x0000024b       0x34 ./Drivers/STM32F4xx_HAL_Driver/Src/stm32f4xx_hal_cortex.o
 .ARM.attributes
                0x0000027f       0x34 ./Drivers/STM32F4xx_HAL_Driver/Src/stm32f4xx_hal_dma.o
 .ARM.attributes
                0x000002b3       0x34 ./Drivers/STM32F4xx_HAL_Driver/Src/stm32f4xx_hal_gpio.o
 .ARM.attributes
                0x000002e7       0x34 ./Drivers/STM32F4xx_HAL_Driver/Src/stm32f4xx_hal_i2c.o
 .ARM.attributes
                0x0000031b       0x34 ./Drivers/STM32F4xx_HAL_Driver/Src/stm32f4xx_hal_i2c_ex.o
 .ARM.attributes
                0x0000034f       0x34 ./Drivers/STM32F4xx_HAL_Driver/Src/stm32f4xx_hal_pwr_ex.o
 .ARM.attributes
                0x00000383       0x34 ./Drivers/STM32F4xx_HAL_Driver/Src/stm32f4xx_hal_rcc.o
 .ARM.attributes
                0x000003b7       0x34 ./Drivers/STM32F4xx_HAL_Driver/Src/stm32f4xx_hal_spi.o
 .ARM.attributes
                0x000003eb       0x34 ./Drivers/STM32F4xx_HAL_Driver/Src/stm32f4xx_hal_uart.o
 .ARM.attributes
                0x0000041f       0x34 E:/STM32CubeIDE_2.0.0/STM32CubeIDE/plugins/com.st.stm32cube.ide.mcu.externaltools.gnu-tools-for-stm32.13.3.rel1.win32_1.0.100.202509120712/tools/bin/../lib/gcc/arm-none-eabi/13.3.1/../../../../arm-none-eabi/lib/thumb/v7e-m+fp/hard\libc_nano.a(libc_a-findfp.o)
 .ARM.attributes
                0x00000453       0x34 E:/STM32CubeIDE_2.0.0/STM32CubeIDE/plugins/com.st.stm32cube.ide.mcu.externaltools.gnu-tools-for-stm32.13.3.rel1.win32_1.0.100.202509120712/tools/bin/../lib/gcc/arm-none-eabi/13.3.1/../../../../arm-none-eabi/lib/thumb/v7e-m+fp/hard\libc_nano.a(libc_a-sprintf.o)
 .ARM.attributes
                0x00000487       0x34 E:/STM32CubeIDE_2.0.0/STM32CubeIDE/plugins/com.st.stm32cube.ide.mcu.externaltools.gnu-tools-for-stm32.13.3.rel1.win32_1.0.100.202509120712/tools/bin/../lib/gcc/arm-none-eabi/13.3.1/../../../../arm-none-eabi/lib/thumb/v7e-m+fp/hard\libc_nano.a(libc_a-sscanf.o)
 .ARM.attributes
                0x000004bb       0x34 E:/STM32CubeIDE_2.0.0/STM32CubeIDE/plugins/com.st.stm32cube.ide.mcu.externaltools.gnu-tools-for-stm32.13.3.rel1.win32_1.0.100.202509120712/tools/bin/../lib/gcc/arm-none-eabi/13.3.1/../../../../arm-none-eabi/lib/thumb/v7e-m+fp/hard\libc_nano.a(libc_a-stdio.o)
 .ARM.attributes
                0x000004ef       0x34 E:/STM32CubeIDE_2.0.0/STM32CubeIDE/plugins/com.st.stm32cube.ide.mcu.externaltools.gnu-tools-for-stm32.13.3.rel1.win32_1.0.100.202509120712/tools/bin/../lib/gcc/arm-none-eabi/13.3.1/../../../../arm-none-eabi/lib/thumb/v7e-m+fp/hard\libc_nano.a(libc_a-memset.o)
 .ARM.attributes
                0x00000523       0x34 E:/STM32CubeIDE_2.0.0/STM32CubeIDE/plugins/com.st.stm32cube.ide.mcu.externaltools.gnu-tools-for-stm32.13.3.rel1.win32_1.0.100.202509120712/tools/bin/../lib/gcc/arm-none-eabi/13.3.1/../../../../arm-none-eabi/lib/thumb/v7e-m+fp/hard\libc_nano.a(libc_a-reent.o)
 .ARM.attributes
                0x00000557       0x34 E:/STM32CubeIDE_2.0.0/STM32CubeIDE/plugins/com.st.stm32cube.ide.mcu.externaltools.gnu-tools-for-stm32.13.3.rel1.win32_1.0.100.202509120712/tools/bin/../lib/gcc/arm-none-eabi/13.3.1/../../../../arm-none-eabi/lib/thumb/v7e-m+fp/hard\libc_nano.a(libc_a-impure.o)
 .ARM.attributes
                0x0000058b       0x34 E:/STM32CubeIDE_2.0.0/STM32CubeIDE/plugins/com.st.stm32cube.ide.mcu.externaltools.gnu-tools-for-stm32.13.3.rel1.win32_1.0.100.202509120712/tools/bin/../lib/gcc/arm-none-eabi/13.3.1/../../../../arm-none-eabi/lib/thumb/v7e-m+fp/hard\libc_nano.a(libc_a-errno.o)
 .ARM.attributes
                0x000005bf       0x34 E:/STM32CubeIDE_2.0.0/STM32CubeIDE/plugins/com.st.stm32cube.ide.mcu.externaltools.gnu-tools-for-stm32.13.3.rel1.win32_1.0.100.202509120712/tools/bin/../lib/gcc/arm-none-eabi/13.3.1/../../../../arm-none-eabi/lib/thumb/v7e-m+fp/hard\libc_nano.a(libc_a-init.o)
 .ARM.attributes
                0x000005f3       0x34 E:/STM32CubeIDE_2.0.0/STM32CubeIDE/plugins/com.st.stm32cube.ide.mcu.externaltools.gnu-tools-for-stm32.13.3.rel1.win32_1.0.100.202509120712/tools/bin/../lib/gcc/arm-none-eabi/13.3.1/../../../../arm-none-eabi/lib/thumb/v7e-m+fp/hard\libc_nano.a(libc_a-lock.o)
 .ARM.attributes
                0x00000627       0x20 E:/STM32CubeIDE_2.0.0/STM32CubeIDE/plugins/com.st.stm32cube.ide.mcu.externaltools.gnu-tools-for-stm32.13.3.rel1.win32_1.0.100.202509120712/tools/bin/../lib/gcc/arm-none-eabi/13.3.1/../../../../arm-none-eabi/lib/thumb/v7e-m+fp/hard\libc_nano.a(libc_a-strcmp.o)
 .ARM.attributes
                0x00000647       0x34 E:/STM32CubeIDE_2.0.0/STM32CubeIDE/plugins/com.st.stm32cube.ide.mcu.externaltools.gnu-tools-for-stm32.13.3.rel1.win32_1.0.100.202509120712/tools/bin/../lib/gcc/arm-none-eabi/13.3.1/../../../../arm-none-eabi/lib/thumb/v7e-m+fp/hard\libc_nano.a(libc_a-memcpy-stub.o)
 .ARM.attributes
                0x0000067b       0x17 E:/STM32CubeIDE_2.0.0/STM32CubeIDE/plugins/com.st.stm32cube.ide.mcu.externaltools.gnu-tools-for-stm32.13.3.rel1.win32_1.0.100.202509120712/tools/bin/../lib/gcc/arm-none-eabi/13.3.1/../../../../arm-none-eabi/lib/thumb/v7e-m+fp/hard\libc_nano.a(libc_a-strlen.o)
 .ARM.attributes
                0x00000692       0x34 E:/STM32CubeIDE_2.0.0/STM32CubeIDE/plugins/com.st.stm32cube.ide.mcu.externaltools.gnu-tools-for-stm32.13.3.rel1.win32_1.0.100.202509120712/tools/bin/../lib/gcc/arm-none-eabi/13.3.1/../../../../arm-none-eabi/lib/thumb/v7e-m+fp/hard\libc_nano.a(libc_a-freer.o)
 .ARM.attributes
                0x000006c6       0x34 E:/STM32CubeIDE_2.0.0/STM32CubeIDE/plugins/com.st.stm32cube.ide.mcu.externaltools.gnu-tools-for-stm32.13.3.rel1.win32_1.0.100.202509120712/tools/bin/../lib/gcc/arm-none-eabi/13.3.1/../../../../arm-none-eabi/lib/thumb/v7e-m+fp/hard\libc_nano.a(libc_a-mallocr.o)
 .ARM.attributes
                0x000006fa       0x34 E:/STM32CubeIDE_2.0.0/STM32CubeIDE/plugins/com.st.stm32cube.ide.mcu.externaltools.gnu-tools-for-stm32.13.3.rel1.win32_1.0.100.202509120712/tools/bin/../lib/gcc/arm-none-eabi/13.3.1/../../../../arm-none-eabi/lib/thumb/v7e-m+fp/hard\libc_nano.a(libc_a-mlock.o)
 .ARM.attributes
                0x0000072e       0x34 E:/STM32CubeIDE_2.0.0/STM32CubeIDE/plugins/com.st.stm32cube.ide.mcu.externaltools.gnu-tools-for-stm32.13.3.rel1.win32_1.0.100.202509120712/tools/bin/../lib/gcc/arm-none-eabi/13.3.1/../../../../arm-none-eabi/lib/thumb/v7e-m+fp/hard\libc_nano.a(libc_a-nano-svfprintf.o)
 .ARM.attributes
                0x00000762       0x34 E:/STM32CubeIDE_2.0.0/STM32CubeIDE/plugins/com.st.stm32cube.ide.mcu.externaltools.gnu-tools-for-stm32.13.3.rel1.win32_1.0.100.202509120712/tools/bin/../lib/gcc/arm-none-eabi/13.3.1/../../../../arm-none-eabi/lib/thumb/v7e-m+fp/hard\libc_nano.a(libc_a-nano-svfscanf.o)
 .ARM.attributes
                0x00000796       0x34 E:/STM32CubeIDE_2.0.0/STM32CubeIDE/plugins/com.st.stm32cube.ide.mcu.externaltools.gnu-tools-for-stm32.13.3.rel1.win32_1.0.100.202509120712/tools/bin/../lib/gcc/arm-none-eabi/13.3.1/../../../../arm-none-eabi/lib/thumb/v7e-m+fp/hard\libc_nano.a(libc_a-nano-vfprintf_i.o)
 .ARM.attributes
                0x000007ca       0x34 E:/STM32CubeIDE_2.0.0/STM32CubeIDE/plugins/com.st.stm32cube.ide.mcu.externaltools.gnu-tools-for-stm32.13.3.rel1.win32_1.0.100.202509120712/tools/bin/../lib/gcc/arm-none-eabi/13.3.1/../../../../arm-none-eabi/lib/thumb/v7e-m+fp/hard\libc_nano.a(libc_a-nano-vfscanf_i.o)
 .ARM.attributes
                0x000007fe       0x34 E:/STM32CubeIDE_2.0.0/STM32CubeIDE/plugins/com.st.stm32cube.ide.mcu.externaltools.gnu-tools-for-stm32.13.3.rel1.win32_1.0.100.202509120712/tools/bin/../lib/gcc/arm-none-eabi/13.3.1/../../../../arm-none-eabi/lib/thumb/v7e-m+fp/hard\libc_nano.a(libc_a-sccl.o)
 .ARM.attributes
                0x00000832       0x34 E:/STM32CubeIDE_2.0.0/STM32CubeIDE/plugins/com.st.stm32cube.ide.mcu.externaltools.gnu-tools-for-stm32.13.3.rel1.win32_1.0.100.202509120712/tools/bin/../lib/gcc/arm-none-eabi/13.3.1/../../../../arm-none-eabi/lib/thumb/v7e-m+fp/hard\libc_nano.a(libc_a-ungetc.o)
 .ARM.attributes
                0x00000866       0x34 E:/STM32CubeIDE_2.0.0/STM32CubeIDE/plugins/com.st.stm32cube.ide.mcu.externaltools.gnu-tools-for-stm32.13.3.rel1.win32_1.0.100.202509120712/tools/bin/../lib/gcc/arm-none-eabi/13.3.1/../../../../arm-none-eabi/lib/thumb/v7e-m+fp/hard\libc_nano.a(libc_a-memmove.o)
 .ARM.attributes
                0x0000089a       0x34 E:/STM32CubeIDE_2.0.0/STM32CubeIDE/plugins/com.st.stm32cube.ide.mcu.externaltools.gnu-tools-for-stm32.13.3.rel1.win32_1.0.100.202509120712/tools/bin/../lib/gcc/arm-none-eabi/13.3.1/../../../../arm-none-eabi/lib/thumb/v7e-m+fp/hard\libc_nano.a(libc_a-sbrkr.o)
 .ARM.attributes
                0x000008ce       0x1c E:/STM32CubeIDE_2.0.0/STM32CubeIDE/plugins/com.st.stm32cube.ide.mcu.externaltools.gnu-tools-for-stm32.13.3.rel1.win32_1.0.100.202509120712/tools/bin/../lib/gcc/arm-none-eabi/13.3.1/../../../../arm-none-eabi/lib/thumb/v7e-m+fp/hard\libc_nano.a(libc_a-memchr.o)
 .ARM.attributes
                0x000008ea       0x34 E:/STM32CubeIDE_2.0.0/STM32CubeIDE/plugins/com.st.stm32cube.ide.mcu.externaltools.gnu-tools-for-stm32.13.3.rel1.win32_1.0.100.202509120712/tools/bin/../lib/gcc/arm-none-eabi/13.3.1/../../../../arm-none-eabi/lib/thumb/v7e-m+fp/hard\libc_nano.a(libc_a-reallocr.o)
 .ARM.attributes
                0x0000091e       0x34 E:/STM32CubeIDE_2.0.0/STM32CubeIDE/plugins/com.st.stm32cube.ide.mcu.externaltools.gnu-tools-for-stm32.13.3.rel1.win32_1.0.100.202509120712/tools/bin/../lib/gcc/arm-none-eabi/13.3.1/../../../../arm-none-eabi/lib/thumb/v7e-m+fp/hard\libc_nano.a(libc_a-strtol.o)
 .ARM.attributes
                0x00000952       0x34 E:/STM32CubeIDE_2.0.0/STM32CubeIDE/plugins/com.st.stm32cube.ide.mcu.externaltools.gnu-tools-for-stm32.13.3.rel1.win32_1.0.100.202509120712/tools/bin/../lib/gcc/arm-none-eabi/13.3.1/../../../../arm-none-eabi/lib/thumb/v7e-m+fp/hard\libc_nano.a(libc_a-strtoul.o)
 .ARM.attributes
                0x00000986       0x34 E:/STM32CubeIDE_2.0.0/STM32CubeIDE/plugins/com.st.stm32cube.ide.mcu.externaltools.gnu-tools-for-stm32.13.3.rel1.win32_1.0.100.202509120712/tools/bin/../lib/gcc/arm-none-eabi/13.3.1/../../../../arm-none-eabi/lib/thumb/v7e-m+fp/hard\libc_nano.a(libc_a-ctype_.o)
 .ARM.attributes
                0x000009ba       0x34 E:/STM32CubeIDE_2.0.0/STM32CubeIDE/plugins/com.st.stm32cube.ide.mcu.externaltools.gnu-tools-for-stm32.13.3.rel1.win32_1.0.100.202509120712/tools/bin/../lib/gcc/arm-none-eabi/13.3.1/../../../../arm-none-eabi/lib/thumb/v7e-m+fp/hard\libc_nano.a(libc_a-msizer.o)
 .ARM.attributes
                0x000009ee       0x22 E:/STM32CubeIDE_2.0.0/STM32CubeIDE/plugins/com.st.stm32cube.ide.mcu.externaltools.gnu-tools-for-stm32.13.3.rel1.win32_1.0.100.202509120712/tools/bin/../lib/gcc/arm-none-eabi/13.3.1/thumb/v7e-m+fp/hard\libgcc.a(_aeabi_uldivmod.o)
 .ARM.attributes
                0x00000a10       0x34 E:/STM32CubeIDE_2.0.0/STM32CubeIDE/plugins/com.st.stm32cube.ide.mcu.externaltools.gnu-tools-for-stm32.13.3.rel1.win32_1.0.100.202509120712/tools/bin/../lib/gcc/arm-none-eabi/13.3.1/thumb/v7e-m+fp/hard\libgcc.a(_udivmoddi4.o)
 .ARM.attributes
                0x00000a44       0x22 E:/STM32CubeIDE_2.0.0/STM32CubeIDE/plugins/com.st.stm32cube.ide.mcu.externaltools.gnu-tools-for-stm32.13.3.rel1.win32_1.0.100.202509120712/tools/bin/../lib/gcc/arm-none-eabi/13.3.1/thumb/v7e-m+fp/hard\libgcc.a(_dvmd_tls.o)
 .ARM.attributes
                0x00000a66       0x22 E:/STM32CubeIDE_2.0.0/STM32CubeIDE/plugins/com.st.stm32cube.ide.mcu.externaltools.gnu-tools-for-stm32.13.3.rel1.win32_1.0.100.202509120712/tools/bin/../lib/gcc/arm-none-eabi/13.3.1/thumb/v7e-m+fp/hard/crtn.o
OUTPUT(lab02_ds1307_step39_basic_ok.elf elf32-littlearm)
LOAD linker stubs
LOAD E:/STM32CubeIDE_2.0.0/STM32CubeIDE/plugins/com.st.stm32cube.ide.mcu.externaltools.gnu-tools-for-stm32.13.3.rel1.win32_1.0.100.202509120712/tools/bin/../lib/gcc/arm-none-eabi/13.3.1/../../../../arm-none-eabi/lib/thumb/v7e-m+fp/hard\libc.a
LOAD E:/STM32CubeIDE_2.0.0/STM32CubeIDE/plugins/com.st.stm32cube.ide.mcu.externaltools.gnu-tools-for-stm32.13.3.rel1.win32_1.0.100.202509120712/tools/bin/../lib/gcc/arm-none-eabi/13.3.1/../../../../arm-none-eabi/lib/thumb/v7e-m+fp/hard\libm.a
LOAD E:/STM32CubeIDE_2.0.0/STM32CubeIDE/plugins/com.st.stm32cube.ide.mcu.externaltools.gnu-tools-for-stm32.13.3.rel1.win32_1.0.100.202509120712/tools/bin/../lib/gcc/arm-none-eabi/13.3.1/thumb/v7e-m+fp/hard\libgcc.a

.debug_info     0x00000000     0xfb8d
 .debug_info    0x00000000      0xf6f ./Core/Src/SH1106.o
 .debug_info    0x00000f6f      0x255 ./Core/Src/fonts.o
 .debug_info    0x000011c4     0x17dd ./Core/Src/main.o
 .debug_info    0x000029a1     0x11da ./Core/Src/stm32f4xx_hal_msp.o
 .debug_info    0x00003b7b      0x639 ./Core/Src/stm32f4xx_it.o
 .debug_info    0x000041b4      0x168 ./Core/Src/sysmem.o
 .debug_info    0x0000431c      0x52e ./Core/Src/system_stm32f4xx.o
 .debug_info    0x0000484a      0xd35 ./Core/Src/tm_stm32f4_mfrc522.o
 .debug_info    0x0000557f       0x30 ./Core/Startup/startup_stm32f429zitx.o
 .debug_info    0x000055af      0x9ba ./Drivers/STM32F4xx_HAL_Driver/Src/stm32f4xx_hal.o
 .debug_info    0x00005f69      0xdc2 ./Drivers/STM32F4xx_HAL_Driver/Src/stm32f4xx_hal_cortex.o
 .debug_info    0x00006d2b      0x8e7 ./Drivers/STM32F4xx_HAL_Driver/Src/stm32f4xx_hal_dma.o
 .debug_info    0x00007612      0x6db ./Drivers/STM32F4xx_HAL_Driver/Src/stm32f4xx_hal_gpio.o
 .debug_info    0x00007ced     0x2421 ./Drivers/STM32F4xx_HAL_Driver/Src/stm32f4xx_hal_i2c.o
 .debug_info    0x0000a10e      0x672 ./Drivers/STM32F4xx_HAL_Driver/Src/stm32f4xx_hal_i2c_ex.o
 .debug_info    0x0000a780      0x6be ./Drivers/STM32F4xx_HAL_Driver/Src/stm32f4xx_hal_pwr_ex.o
 .debug_info    0x0000ae3e      0x8db ./Drivers/STM32F4xx_HAL_Driver/Src/stm32f4xx_hal_rcc.o
 .debug_info    0x0000b719     0x1525 ./Drivers/STM32F4xx_HAL_Driver/Src/stm32f4xx_hal_spi.o
 .debug_info    0x0000cc3e     0x2f4f ./Drivers/STM32F4xx_HAL_Driver/Src/stm32f4xx_hal_uart.o

.debug_abbrev   0x00000000     0x265d
 .debug_abbrev  0x00000000      0x2a5 ./Core/Src/SH1106.o
 .debug_abbrev  0x000002a5      0x11c ./Core/Src/fonts.o
 .debug_abbrev  0x000003c1      0x316 ./Core/Src/main.o
 .debug_abbrev  0x000006d7      0x1f9 ./Core/Src/stm32f4xx_hal_msp.o
 .debug_abbrev  0x000008d0      0x175 ./Core/Src/stm32f4xx_it.o
 .debug_abbrev  0x00000a45       0xbc ./Core/Src/sysmem.o
 .debug_abbrev  0x00000b01      0x11a ./Core/Src/system_stm32f4xx.o
 .debug_abbrev  0x00000c1b      0x2a3 ./Core/Src/tm_stm32f4_mfrc522.o
 .debug_abbrev  0x00000ebe       0x24 ./Core/Startup/startup_stm32f429zitx.o
 .debug_abbrev  0x00000ee2      0x214 ./Drivers/STM32F4xx_HAL_Driver/Src/stm32f4xx_hal.o
 .debug_abbrev  0x000010f6      0x31d ./Drivers/STM32F4xx_HAL_Driver/Src/stm32f4xx_hal_cortex.o
 .debug_abbrev  0x00001413      0x264 ./Drivers/STM32F4xx_HAL_Driver/Src/stm32f4xx_hal_dma.o
 .debug_abbrev  0x00001677      0x1d4 ./Drivers/STM32F4xx_HAL_Driver/Src/stm32f4xx_hal_gpio.o
 .debug_abbrev  0x0000184b      0x2ad ./Drivers/STM32F4xx_HAL_Driver/Src/stm32f4xx_hal_i2c.o
 .debug_abbrev  0x00001af8      0x157 ./Drivers/STM32F4xx_HAL_Driver/Src/stm32f4xx_hal_i2c_ex.o
 .debug_abbrev  0x00001c4f      0x1cf ./Drivers/STM32F4xx_HAL_Driver/Src/stm32f4xx_hal_pwr_ex.o
 .debug_abbrev  0x00001e1e      0x2b7 ./Drivers/STM32F4xx_HAL_Driver/Src/stm32f4xx_hal_rcc.o
 .debug_abbrev  0x000020d5      0x27a ./Drivers/STM32F4xx_HAL_Driver/Src/stm32f4xx_hal_spi.o
 .debug_abbrev  0x0000234f      0x30e ./Drivers/STM32F4xx_HAL_Driver/Src/stm32f4xx_hal_uart.o

.debug_aranges  0x00000000      0xdf8
 .debug_aranges
                0x00000000       0xc8 ./Core/Src/SH1106.o
 .debug_aranges
                0x000000c8       0x20 ./Core/Src/fonts.o
 .debug_aranges
                0x000000e8       0x88 ./Core/Src/main.o
 .debug_aranges
                0x00000170       0x50 ./Core/Src/stm32f4xx_hal_msp.o
 .debug_aranges
                0x000001c0       0x68 ./Core/Src/stm32f4xx_it.o
 .debug_aranges
                0x00000228       0x20 ./Core/Src/sysmem.o
 .debug_aranges
                0x00000248       0x28 ./Core/Src/system_stm32f4xx.o
 .debug_aranges
                0x00000270       0xb8 ./Core/Src/tm_stm32f4_mfrc522.o
 .debug_aranges
                0x00000328       0x28 ./Core/Startup/startup_stm32f429zitx.o
 .debug_aranges
                0x00000350      0x100 ./Drivers/STM32F4xx_HAL_Driver/Src/stm32f4xx_hal.o
 .debug_aranges
                0x00000450      0x130 ./Drivers/STM32F4xx_HAL_Driver/Src/stm32f4xx_hal_cortex.o
 .debug_aranges
                0x00000580       0x90 ./Drivers/STM32F4xx_HAL_Driver/Src/stm32f4xx_hal_dma.o
 .debug_aranges
                0x00000610       0x58 ./Drivers/STM32F4xx_HAL_Driver/Src/stm32f4xx_hal_gpio.o
 .debug_aranges
                0x00000668      0x2a8 ./Drivers/STM32F4xx_HAL_Driver/Src/stm32f4xx_hal_i2c.o
 .debug_aranges
                0x00000910       0x28 ./Drivers/STM32F4xx_HAL_Driver/Src/stm32f4xx_hal_i2c_ex.o
 .debug_aranges
                0x00000938       0x60 ./Drivers/STM32F4xx_HAL_Driver/Src/stm32f4xx_hal_pwr_ex.o
 .debug_aranges
                0x00000998       0x88 ./Drivers/STM32F4xx_HAL_Driver/Src/stm32f4xx_hal_rcc.o
 .debug_aranges
                0x00000a20      0x1d0 ./Drivers/STM32F4xx_HAL_Driver/Src/stm32f4xx_hal_spi.o
 .debug_aranges
                0x00000bf0      0x208 ./Drivers/STM32F4xx_HAL_Driver/Src/stm32f4xx_hal_uart.o

.debug_rnglists
                0x00000000      0xae4
 .debug_rnglists
                0x00000000       0x9c ./Core/Src/SH1106.o
 .debug_rnglists
                0x0000009c       0x13 ./Core/Src/fonts.o
 .debug_rnglists
                0x000000af       0x69 ./Core/Src/main.o
 .debug_rnglists
                0x00000118       0x3a ./Core/Src/stm32f4xx_hal_msp.o
 .debug_rnglists
                0x00000152       0x49 ./Core/Src/stm32f4xx_it.o
 .debug_rnglists
                0x0000019b       0x13 ./Core/Src/sysmem.o
 .debug_rnglists
                0x000001ae       0x1a ./Core/Src/system_stm32f4xx.o
 .debug_rnglists
                0x000001c8       0x8c ./Core/Src/tm_stm32f4_mfrc522.o
 .debug_rnglists
                0x00000254       0x19 ./Core/Startup/startup_stm32f429zitx.o
 .debug_rnglists
                0x0000026d       0xbb ./Drivers/STM32F4xx_HAL_Driver/Src/stm32f4xx_hal.o
 .debug_rnglists
                0x00000328       0xe0 ./Drivers/STM32F4xx_HAL_Driver/Src/stm32f4xx_hal_cortex.o
 .debug_rnglists
                0x00000408       0x70 ./Drivers/STM32F4xx_HAL_Driver/Src/stm32f4xx_hal_dma.o
 .debug_rnglists
                0x00000478       0x3f ./Drivers/STM32F4xx_HAL_Driver/Src/stm32f4xx_hal_gpio.o
 .debug_rnglists
                0x000004b7      0x23c ./Drivers/STM32F4xx_HAL_Driver/Src/stm32f4xx_hal_i2c.o
 .debug_rnglists
                0x000006f3       0x19 ./Drivers/STM32F4xx_HAL_Driver/Src/stm32f4xx_hal_i2c_ex.o
 .debug_rnglists
                0x0000070c       0x47 ./Drivers/STM32F4xx_HAL_Driver/Src/stm32f4xx_hal_pwr_ex.o
 .debug_rnglists
                0x00000753       0x66 ./Drivers/STM32F4xx_HAL_Driver/Src/stm32f4xx_hal_rcc.o
 .debug_rnglists
                0x000007b9      0x16f ./Drivers/STM32F4xx_HAL_Driver/Src/stm32f4xx_hal_spi.o
 .debug_rnglists
                0x00000928      0x1bc ./Drivers/STM32F4xx_HAL_Driver/Src/stm32f4xx_hal_uart.o

.debug_macro    0x00000000    0x245a1
 .debug_macro   0x00000000      0x326 ./Core/Src/SH1106.o
 .debug_macro   0x00000326      0xad8 ./Core/Src/SH1106.o
 .debug_macro   0x00000dfe      0x2a1 ./Core/Src/SH1106.o
 .debug_macro   0x0000109f       0x2e ./Core/Src/SH1106.o
 .debug_macro   0x000010cd       0x28 ./Core/Src/SH1106.o
 .debug_macro   0x000010f5       0x22 ./Core/Src/SH1106.o
 .debug_macro   0x00001117       0x8e ./Core/Src/SH1106.o
 .debug_macro   0x000011a5       0x51 ./Core/Src/SH1106.o
 .debug_macro   0x000011f6      0x103 ./Core/Src/SH1106.o
 .debug_macro   0x000012f9       0x6a ./Core/Src/SH1106.o
 .debug_macro   0x00001363      0x1df ./Core/Src/SH1106.o
 .debug_macro   0x00001542       0x1c ./Core/Src/SH1106.o
 .debug_macro   0x0000155e       0x22 ./Core/Src/SH1106.o
 .debug_macro   0x00001580       0xfb ./Core/Src/SH1106.o
 .debug_macro   0x0000167b     0x1011 ./Core/Src/SH1106.o
 .debug_macro   0x0000268c      0x11f ./Core/Src/SH1106.o
 .debug_macro   0x000027ab    0x17ff1 ./Core/Src/SH1106.o
 .debug_macro   0x0001a79c       0x6d ./Core/Src/SH1106.o
 .debug_macro   0x0001a809     0x370a ./Core/Src/SH1106.o
 .debug_macro   0x0001df13      0x190 ./Core/Src/SH1106.o
 .debug_macro   0x0001e0a3       0x5c ./Core/Src/SH1106.o
 .debug_macro   0x0001e0ff      0xcba ./Core/Src/SH1106.o
 .debug_macro   0x0001edb9      0x9e9 ./Core/Src/SH1106.o
 .debug_macro   0x0001f7a2      0x115 ./Core/Src/SH1106.o
 .debug_macro   0x0001f8b7      0x156 ./Core/Src/SH1106.o
 .debug_macro   0x0001fa0d       0xa5 ./Core/Src/SH1106.o
 .debug_macro   0x0001fab2      0x182 ./Core/Src/SH1106.o
 .debug_macro   0x0001fc34      0x287 ./Core/Src/SH1106.o
 .debug_macro   0x0001febb       0x5f ./Core/Src/SH1106.o
 .debug_macro   0x0001ff1a      0x236 ./Core/Src/SH1106.o
 .debug_macro   0x00020150      0x132 ./Core/Src/SH1106.o
 .debug_macro   0x00020282      0x41d ./Core/Src/SH1106.o
 .debug_macro   0x0002069f       0x2e ./Core/Src/SH1106.o
 .debug_macro   0x000206cd      0x1b5 ./Core/Src/SH1106.o
 .debug_macro   0x00020882       0x22 ./Core/Src/SH1106.o
 .debug_macro   0x000208a4       0xd6 ./Core/Src/SH1106.o
 .debug_macro   0x0002097a      0x127 ./Core/Src/SH1106.o
 .debug_macro   0x00020aa1       0xe2 ./Core/Src/SH1106.o
 .debug_macro   0x00020b83       0x89 ./Core/Src/SH1106.o
 .debug_macro   0x00020c0c      0x225 ./Core/Src/SH1106.o
 .debug_macro   0x00020e31      0x2aa ./Core/Src/SH1106.o
 .debug_macro   0x000210db      0x134 ./Core/Src/SH1106.o
 .debug_macro   0x0002120f       0x61 ./Core/Src/SH1106.o
 .debug_macro   0x00021270       0x2a ./Core/Src/SH1106.o
 .debug_macro   0x0002129a       0x43 ./Core/Src/SH1106.o
 .debug_macro   0x000212dd       0x34 ./Core/Src/SH1106.o
 .debug_macro   0x00021311      0x370 ./Core/Src/SH1106.o
 .debug_macro   0x00021681       0x16 ./Core/Src/SH1106.o
 .debug_macro   0x00021697       0x4a ./Core/Src/SH1106.o
 .debug_macro   0x000216e1       0x34 ./Core/Src/SH1106.o
 .debug_macro   0x00021715       0x10 ./Core/Src/SH1106.o
 .debug_macro   0x00021725       0x58 ./Core/Src/SH1106.o
 .debug_macro   0x0002177d       0x8e ./Core/Src/SH1106.o
 .debug_macro   0x0002180b       0x1c ./Core/Src/SH1106.o
 .debug_macro   0x00021827      0x185 ./Core/Src/SH1106.o
 .debug_macro   0x000219ac       0x10 ./Core/Src/SH1106.o
 .debug_macro   0x000219bc       0x3c ./Core/Src/SH1106.o
 .debug_macro   0x000219f8       0x20 ./Core/Src/SH1106.o
 .debug_macro   0x00021a18       0x16 ./Core/Src/SH1106.o
 .debug_macro   0x00021a2e       0x16 ./Core/Src/SH1106.o
 .debug_macro   0x00021a44       0x29 ./Core/Src/SH1106.o
 .debug_macro   0x00021a6d       0x1d ./Core/Src/SH1106.o
 .debug_macro   0x00021a8a      0x2b5 ./Core/Src/fonts.o
 .debug_macro   0x00021d3f      0x379 ./Core/Src/main.o
 .debug_macro   0x000220b8       0x16 ./Core/Src/main.o
 .debug_macro   0x000220ce       0x10 ./Core/Src/main.o
 .debug_macro   0x000220de       0x16 ./Core/Src/main.o
 .debug_macro   0x000220f4       0x16 ./Core/Src/main.o
 .debug_macro   0x0002210a      0x146 ./Core/Src/main.o
 .debug_macro   0x00022250       0x16 ./Core/Src/main.o
 .debug_macro   0x00022266      0x255 ./Core/Src/main.o
 .debug_macro   0x000224bb      0x1e7 ./Core/Src/stm32f4xx_hal_msp.o
 .debug_macro   0x000226a2      0x1f1 ./Core/Src/stm32f4xx_it.o
 .debug_macro   0x00022893      0x112 ./Core/Src/sysmem.o
 .debug_macro   0x000229a5      0x23c ./Core/Src/sysmem.o
 .debug_macro   0x00022be1      0x1dd ./Core/Src/system_stm32f4xx.o
 .debug_macro   0x00022dbe      0x1ec ./Core/Src/tm_stm32f4_mfrc522.o
 .debug_macro   0x00022faa      0x24f ./Core/Src/tm_stm32f4_mfrc522.o
 .debug_macro   0x000231f9      0x23d ./Drivers/STM32F4xx_HAL_Driver/Src/stm32f4xx_hal.o
 .debug_macro   0x00023436      0x1dd ./Drivers/STM32F4xx_HAL_Driver/Src/stm32f4xx_hal_cortex.o
 .debug_macro   0x00023613      0x1e3 ./Drivers/STM32F4xx_HAL_Driver/Src/stm32f4xx_hal_dma.o
 .debug_macro   0x000237f6      0x1e3 ./Drivers/STM32F4xx_HAL_Driver/Src/stm32f4xx_hal_gpio.o
 .debug_macro   0x000239d9      0x22b ./Drivers/STM32F4xx_HAL_Driver/Src/stm32f4xx_hal_i2c.o
 .debug_macro   0x00023c04      0x1dd ./Drivers/STM32F4xx_HAL_Driver/Src/stm32f4xx_hal_i2c_ex.o
 .debug_macro   0x00023de1      0x1f5 ./Drivers/STM32F4xx_HAL_Driver/Src/stm32f4xx_hal_pwr_ex.o
 .debug_macro   0x00023fd6      0x201 ./Drivers/STM32F4xx_HAL_Driver/Src/stm32f4xx_hal_rcc.o
 .debug_macro   0x000241d7      0x1ec ./Drivers/STM32F4xx_HAL_Driver/Src/stm32f4xx_hal_spi.o
 .debug_macro   0x000243c3      0x1de ./Drivers/STM32F4xx_HAL_Driver/Src/stm32f4xx_hal_uart.o

.debug_line     0x00000000    0x122bf
 .debug_line    0x00000000      0xf73 ./Core/Src/SH1106.o
 .debug_line    0x00000f73      0x8bf ./Core/Src/fonts.o
 .debug_line    0x00001832      0xf50 ./Core/Src/main.o
 .debug_line    0x00002782      0x851 ./Core/Src/stm32f4xx_hal_msp.o
 .debug_line    0x00002fd3      0x81c ./Core/Src/stm32f4xx_it.o
 .debug_line    0x000037ef      0x57e ./Core/Src/sysmem.o
 .debug_line    0x00003d6d      0x7cb ./Core/Src/system_stm32f4xx.o
 .debug_line    0x00004538      0xcc0 ./Core/Src/tm_stm32f4_mfrc522.o
 .debug_line    0x000051f8       0x7a ./Core/Startup/startup_stm32f429zitx.o
 .debug_line    0x00005272      0xa7d ./Drivers/STM32F4xx_HAL_Driver/Src/stm32f4xx_hal.o
 .debug_line    0x00005cef      0xd17 ./Drivers/STM32F4xx_HAL_Driver/Src/stm32f4xx_hal_cortex.o
 .debug_line    0x00006a06      0xfb3 ./Drivers/STM32F4xx_HAL_Driver/Src/stm32f4xx_hal_dma.o
 .debug_line    0x000079b9      0xbc7 ./Drivers/STM32F4xx_HAL_Driver/Src/stm32f4xx_hal_gpio.o
 .debug_line    0x00008580     0x3af4 ./Drivers/STM32F4xx_HAL_Driver/Src/stm32f4xx_hal_i2c.o
 .debug_line    0x0000c074      0x7d0 ./Drivers/STM32F4xx_HAL_Driver/Src/stm32f4xx_hal_i2c_ex.o
 .debug_line    0x0000c844      0x9b4 ./Drivers/STM32F4xx_HAL_Driver/Src/stm32f4xx_hal_pwr_ex.o
 .debug_line    0x0000d1f8      0xe56 ./Drivers/STM32F4xx_HAL_Driver/Src/stm32f4xx_hal_rcc.o
 .debug_line    0x0000e04e     0x1ce2 ./Drivers/STM32F4xx_HAL_Driver/Src/stm32f4xx_hal_spi.o
 .debug_line    0x0000fd30     0x258f ./Drivers/STM32F4xx_HAL_Driver/Src/stm32f4xx_hal_uart.o

.debug_str      0x00000000    0xd75d7
 .debug_str     0x00000000    0xd75d7 ./Core/Src/SH1106.o
                              0xd281d (size before relaxing)
 .debug_str     0x000d75d7        0x0 ./Core/Src/fonts.o
                              0xd1e7e (size before relaxing)
 .debug_str     0x000d75d7        0x0 ./Core/Src/main.o
                              0xd3f19 (size before relaxing)
 .debug_str     0x000d75d7        0x0 ./Core/Src/stm32f4xx_hal_msp.o
                              0xcfc06 (size before relaxing)
 .debug_str     0x000d75d7        0x0 ./Core/Src/stm32f4xx_it.o
                              0xcf124 (size before relaxing)
 .debug_str     0x000d75d7        0x0 ./Core/Src/sysmem.o
                               0x775e (size before relaxing)
 .debug_str     0x000d75d7        0x0 ./Core/Src/system_stm32f4xx.o
                              0xceda1 (size before relaxing)
 .debug_str     0x000d75d7        0x0 ./Core/Src/tm_stm32f4_mfrc522.o
                              0xcfcd3 (size before relaxing)
 .debug_str     0x000d75d7        0x0 ./Core/Startup/startup_stm32f429zitx.o
                                 0x60 (size before relaxing)
 .debug_str     0x000d75d7        0x0 ./Drivers/STM32F4xx_HAL_Driver/Src/stm32f4xx_hal.o
                              0xcf9c4 (size before relaxing)
 .debug_str     0x000d75d7        0x0 ./Drivers/STM32F4xx_HAL_Driver/Src/stm32f4xx_hal_cortex.o
                              0xcf6f2 (size before relaxing)
 .debug_str     0x000d75d7        0x0 ./Drivers/STM32F4xx_HAL_Driver/Src/stm32f4xx_hal_dma.o
                              0xcf1a8 (size before relaxing)
 .debug_str     0x000d75d7        0x0 ./Drivers/STM32F4xx_HAL_Driver/Src/stm32f4xx_hal_gpio.o
                              0xcef1c (size before relaxing)
 .debug_str     0x000d75d7        0x0 ./Drivers/STM32F4xx_HAL_Driver/Src/stm32f4xx_hal_i2c.o
                              0xcfdb1 (size before relaxing)
 .debug_str     0x000d75d7        0x0 ./Drivers/STM32F4xx_HAL_Driver/Src/stm32f4xx_hal_i2c_ex.o
                              0xcf170 (size before relaxing)
 .debug_str     0x000d75d7        0x0 ./Drivers/STM32F4xx_HAL_Driver/Src/stm32f4xx_hal_pwr_ex.o
                              0xcef79 (size before relaxing)
 .debug_str     0x000d75d7        0x0 ./Drivers/STM32F4xx_HAL_Driver/Src/stm32f4xx_hal_rcc.o
                              0xcf1d5 (size before relaxing)
 .debug_str     0x000d75d7        0x0 ./Drivers/STM32F4xx_HAL_Driver/Src/stm32f4xx_hal_spi.o
                              0xcf64c (size before relaxing)
 .debug_str     0x000d75d7        0x0 ./Drivers/STM32F4xx_HAL_Driver/Src/stm32f4xx_hal_uart.o
                              0xcf7a3 (size before relaxing)

.comment        0x00000000       0x43
 .comment       0x00000000       0x43 ./Core/Src/SH1106.o
                                 0x44 (size before relaxing)
 .comment       0x00000043        0x0 ./Core/Src/fonts.o
                                 0x44 (size before relaxing)
 .comment       0x00000043        0x0 ./Core/Src/main.o
                                 0x44 (size before relaxing)
 .comment       0x00000043        0x0 ./Core/Src/stm32f4xx_hal_msp.o
                                 0x44 (size before relaxing)
 .comment       0x00000043        0x0 ./Core/Src/stm32f4xx_it.o
                                 0x44 (size before relaxing)
 .comment       0x00000043        0x0 ./Core/Src/sysmem.o
                                 0x44 (size before relaxing)
 .comment       0x00000043        0x0 ./Core/Src/system_stm32f4xx.o
                                 0x44 (size before relaxing)
 .comment       0x00000043        0x0 ./Core/Src/tm_stm32f4_mfrc522.o
                                 0x44 (size before relaxing)
 .comment       0x00000043        0x0 ./Drivers/STM32F4xx_HAL_Driver/Src/stm32f4xx_hal.o
                                 0x44 (size before relaxing)
 .comment       0x00000043        0x0 ./Drivers/STM32F4xx_HAL_Driver/Src/stm32f4xx_hal_cortex.o
                                 0x44 (size before relaxing)
 .comment       0x00000043        0x0 ./Drivers/STM32F4xx_HAL_Driver/Src/stm32f4xx_hal_dma.o
                                 0x44 (size before relaxing)
 .comment       0x00000043        0x0 ./Drivers/STM32F4xx_HAL_Driver/Src/stm32f4xx_hal_gpio.o
                                 0x44 (size before relaxing)
 .comment       0x00000043        0x0 ./Drivers/STM32F4xx_HAL_Driver/Src/stm32f4xx_hal_i2c.o
                                 0x44 (size before relaxing)
 .comment       0x00000043        0x0 ./Drivers/STM32F4xx_HAL_Driver/Src/stm32f4xx_hal_i2c_ex.o
                                 0x44 (size before relaxing)
 .comment       0x00000043        0x0 ./Drivers/STM32F4xx_HAL_Driver/Src/stm32f4xx_hal_pwr_ex.o
                                 0x44 (size before relaxing)
 .comment       0x00000043        0x0 ./Drivers/STM32F4xx_HAL_Driver/Src/stm32f4xx_hal_rcc.o
                                 0x44 (size before relaxing)
 .comment       0x00000043        0x0 ./Drivers/STM32F4xx_HAL_Driver/Src/stm32f4xx_hal_spi.o
                                 0x44 (size before relaxing)
 .comment       0x00000043        0x0 ./Drivers/STM32F4xx_HAL_Driver/Src/stm32f4xx_hal_uart.o
                                 0x44 (size before relaxing)

.debug_frame    0x00000000     0x4240
 .debug_frame   0x00000000      0x340 ./Core/Src/SH1106.o
 .debug_frame   0x00000340       0x38 ./Core/Src/fonts.o
 .debug_frame   0x00000378      0x200 ./Core/Src/main.o
 .debug_frame   0x00000578      0x110 ./Core/Src/stm32f4xx_hal_msp.o
 .debug_frame   0x00000688      0x120 ./Core/Src/stm32f4xx_it.o
 .debug_frame   0x000007a8       0x34 ./Core/Src/sysmem.o