../Core/Src/main.c:82:16:DecToBcd	16	static
../Core/Src/main.c:87:16:BcdToDec	16	static
../Core/Src/main.c:92:19:SetTime	40	static
../Core/Src/main.c:107:19:GetTime	40	static
../Core/Src/main.c:134:5:main	88	static
../Core/Src/main.c:251:6:SystemClock_Config	88	static
../Core/Src/main.c:304:13:MX_I2C3_Init	8	static
../Core/Src/main.c:352:13:MX_SPI4_Init	8	static
../Core/Src/main.c:390:13:MX_USART1_UART_Init	8	static
../Core/Src/main.c:423:13:MX_GPIO_Init	48	static
../Core/Src/main.c:459:6:Error_Handler	4	static,ignoring_inline_asm
