../Core/Src/main.c:84:6:Debug_Print	16	static
../Core/Src/main.c:89:6:DelayUs	16	static
../Core/Src/main.c:97:6:HCSR04_SendTrig	8	static
../Core/Src/main.c:108:7:HCSR04_CalcDistanceCm	16	static
../Core/Src/main.c:113:6:LCD_Set_Data	16	static
../Core/Src/main.c:125:6:LCD_Send_Command	16	static
../Core/Src/main.c:138:6:LCD_Write_One_Char	16	static
../Core/Src/main.c:151:6:LCD_Write_String	16	static
../Core/Src/main.c:160:6:LCD_Goto_XY	16	static
../Core/Src/main.c:172:6:LCD_Clear	8	static
../Core/Src/main.c:178:6:LCD_Init	8	static
../Core/Src/main.c:194:5:main	48	static
../Core/Src/main.c:331:6:SystemClock_Config	88	static
../Core/Src/main.c:384:13:MX_TIM6_Init	16	static
../Core/Src/main.c:422:13:MX_USART1_UART_Init	8	static
../Core/Src/main.c:455:13:MX_GPIO_Init	48	static
../Core/Src/main.c:530:6:HAL_GPIO_EXTI_Callback	24	static
../Core/Src/main.c:567:6:Error_Handler	4	static,ignoring_inline_asm
