../Core/Src/main.c:78:16:DecToBcd	16	static
../Core/Src/main.c:83:16:BcdToDec	16	static
../Core/Src/main.c:88:19:SetTime	40	static
../Core/Src/main.c:103:19:GetTime	40	static
../Core/Src/main.c:130:5:main	120	static
../Core/Src/main.c:210:6:SystemClock_Config	88	static
../Core/Src/main.c:263:13:MX_I2C3_Init	8	static
../Core/Src/main.c:311:13:MX_SPI4_Init	8	static
../Core/Src/main.c:349:13:MX_USART1_UART_Init	8	static
../Core/Src/main.c:382:13:MX_GPIO_Init	48	static
../Core/Src/main.c:418:6:Error_Handler	4	static,ignoring_inline_asm
