../Core/Src/main.c:79:16:DecToBcd	16	static
../Core/Src/main.c:84:16:BcdToDec	16	static
../Core/Src/main.c:89:19:SetTime	40	static
../Core/Src/main.c:104:19:GetTime	40	static
../Core/Src/main.c:131:5:main	120	static
../Core/Src/main.c:248:6:SystemClock_Config	88	static
../Core/Src/main.c:301:13:MX_I2C3_Init	8	static
../Core/Src/main.c:349:13:MX_SPI4_Init	8	static
../Core/Src/main.c:387:13:MX_USART1_UART_Init	8	static
../Core/Src/main.c:420:13:MX_GPIO_Init	48	static
../Core/Src/main.c:456:6:Error_Handler	4	static,ignoring_inline_asm
